
[36mScan to link (Settings → Linked Devices → Link a Device):[0m
▄▄▄▄▄▄▄▄▄▄▄▄▄▄▄▄▄▄▄▄▄▄▄▄▄▄▄▄▄▄▄▄▄▄▄▄▄▄▄▄▄▄▄▄▄▄▄▄▄▄▄▄▄▄▄▄▄▄▄
█ ▄▄▄▄▄ █▄█ ▀██▄▀▀ █ █▀ █▄▄▀▄▀█ █ █▀██▄█▀▄▄▄ ▀ ▄ ██ ▄▄▄▄▄ █
█ █   █ █ ▄▀██▀██▄▄ ▄▄▄▄   █▄▄▀▀ ▄▀█▀ ▀▄▄▄ ▄▄▄▀▄ ██ █   █ █
█ █▄▄▄█ █▄▀▀ █  ▀▀▀▄ ▀ ▀ █▀ ▄▄▄  █ ▀ ▄ ▄█▄██ ▀▄▀▄██ █▄▄▄█ █
█▄▄▄▄▄▄▄█▄▀ ▀▄█ █▄█▄▀▄▀▄▀▄█ █▄█ ▀ ▀ █ █▄▀ █ █▄▀▄█ █▄▄▄▄▄▄▄█
█  ▄▄▀▀▄▀▄█▀▀▄████▄▀ ▄ ▄▄ ▀▄▄▄   █ ▄▀█ ▄▄▄▀ ███▄▀  ██ ▄ █ █
██ █▀▄█▄  █▀ ▄ ▀█  ██ ▄▄▄▀▄▄ ▀▀▀▀ ▀█▀▀▀█▄██ ▀█▄██ ▄▄▀▄ ▄█ █
█▀█ ▀▄▀▄▄▀█▄█▄▄  ▄█▄  █▄█▄█▄███▀▄█ ▄█▄█▀▀█ █ ▀▀█ █ ▀█▀▀▄ ▀█
██▄ ▄ █▄ ██ █▄ ▀▄ █▀ ▄▀ ▄▄ █▀█▀▀ ▀█▀█ █ █ ▄ ▀▀▀  ▀  ▀▄ ▀█▀█
██▄ █▀█▄▄▀██▀▀█   █▀▀█▄▀ ▄▀▀▄▄ █ ▄▄ ▀█▀██▀ ▄  ▀ █▄▄█▄▀▄▀  █
█▄▄▄▄ ▄▄▀▀  █ ▀▀██  ▄▄ █▄█ ▀█▄███ █ ▄▀▄▄▄▄▀ █▄▀ █▀ ▀▀▀██ ██
█ █▀▀▀▀▄▀▀▀ ▄▄ ██ ▄███▄▄▀█ ▀ ▄▀▀▀█▄▄▀▀ █  ▀▀▀██▄▄  ▄▀▄██▀ █
██▄▄▄ ▀▄█▄ ▀  ▀█▀▄█  ▄▄   █▀▀ ██▀▄▀▄ ▀▀▀ █▀█▄█▀ ▀█▀▀█ ▀▄█▄█
█████ ▄▄▄ █▀▄██▄▀▄▄ █ ▄▀▄█▀▀▀▀▄▄▄▄  ▄▄  ▄██▄▄▀▀██▄▀▀▀▀▀█ ▄█
███▄▄ ▄▄▄ ▀   ▀▀ ▄▄▄▀▀█▄▄ █ ▄▄▄ █▄█▄ █▄▄▄▄▄█  ▄▀█ ▄▄▄ ▀▀ ▀█
█▀ █▄ █▄█ ▀ ▀ ▀▀▀ █▄█▄▀▀ ▄█ █▄█ ▄▄▀ ██▄▄▄█▀█    ▄ █▄█  █▄ █
██▀█▀ ▄▄  █▄ █ █▄▀ ▄██▄▀ ▄█  ▄  ▀▄▀▀ ▀▄▄ █▄▄  █ ▄  ▄▄▄█▄ ▀█
██▀█▀▀ ▄ ▀ █▄█▀▄██▄▀ ▄▄▄▀ ▄▀ █▀▀ ▀ ▄▄█▀█    ██ ▄▀█▀█▄█▄██▀█
█▀▀▄▀  ▄▄▄  ▄██ ▄█▀▀ ██▄▀█▄ ▄█ █ ▄▀▄▀▀▄▄ ▀▀█ ▀█ ▄▀  ▄  █  █
█ ▄▄█▀█▄▄▄▀█▄█▄███▄▄▀██▀ ▄▄▀██ █▄██▄▀  ▀███▄▄▀██▀█ ▀ █▄▀▄██
██▀▀ ▀█▄█ ▄▄▀█▀█ ▄▀█  █▀▄▀█▀ ▄▄▀ ▄▀█▄▀█ █▀█ ██ ███▀▀▄▄  █▄█
█▄▄▄ ▄ ▄▀▄█▄   ▄  ▀█ █▄██▄▀ ▄ ▀▀█▄▄▀█▀▄██▀ █ ▄ ▀ █▄  ▀▄ ▀▄█
█ ▀▀▄▀▀▄█▄▀▀▀ █ ▀▀█▄▄▀█ █ ▀██▀▀ ▀███▀▀ ▀▀█▀██ ▄ ▀▀ █▄▄█▄▄██
█▀  ▄▄▄▄▄▀▀▄▀▀ ▀ █▀▀ ▄ █▀▀█▄ █▀ ▀███ █▀█▄ ▀▀▀▀█▄█▀██▄█ ▀ ▀█
█ ▀ ▀▀▄▄ ▀█  ▄██▄▀█▀█  ▀▄ ▀█ ▄▀▀█  █▀█  ▄▀▀▄ ▀▀▄▀ ▄ ▄ ▀█▀▄█
███████▄█▀▄  ▀▄█▀▄▄▄  █▀█▄▄ ▄▄▄ ▄█ █ ▄▀▀████ █▀▄▀ ▄▄▄ ██▀▄█
█ ▄▄▄▄▄ ██▄▄▀▄ ▄▀ ███▀██▀▄█ █▄█ ▄█  ▀▄▀▄▄ █▄▄▀▄██ █▄█  ▀█▀█
█ █   █ █▀▄▄▄█▄▀▀█ ▀ ▄▄▀ ▀▄▄▄        ▀▄▄█▀▀▄▄▄▀ ▄▄   ▄█ ▀▄█
█ █▄▄▄█ █ ▄ ▀  ▄  ▀ ▄▀ ▄█▀ ████▀█ ▀▀▄▄▄▀▀█   ▀ █▄ ▄  █▄██▀█
█▄▄▄▄▄▄▄█▄█████▄██▄███▄▄█████████▄██▄█▄▄▄▄▄████▄▄██▄█▄▄▄███


[36mScan to link (Settings → Linked Devices → Link a Device):[0m
▄▄▄▄▄▄▄▄▄▄▄▄▄▄▄▄▄▄▄▄▄▄▄▄▄▄▄▄▄▄▄▄▄▄▄▄▄▄▄▄▄▄▄▄▄▄▄▄▄▄▄▄▄▄▄▄▄▄▄
█ ▄▄▄▄▄ █ ▄ █▀▀███▄▀█▄▀ ▀▄▀ █▀▀▄ ▀▄█▄ ▄▄▀█ ▄█▀▀▄ ██ ▄▄▄▄▄ █
█ █   █ █ ██ █ ██▀▀▄███ ▄▄▀██ ▄█▀█ ▀██ ▄▀▀█ ▀▄ ▄ ██ █   █ █
█ █▄▄▄█ █▀▀██▄▀▄▀█ ▀▀█ █▀   ▄▄▄ ▄  ██▄▀  █▄  ▀▄▀▄██ █▄▄▄█ █
█▄▄▄▄▄▄▄█▄█▄▀ █▄▀ █▄▀ █ ▀▄█ █▄█ ▀▄█▄█ █ █▄█ █ █ █ █▄▄▄▄▄▄▄█
█ ▄▀▀▄▄▄▀█▄  ▀▀ ▀▄▄ ▄▀▄█▄▀▀▄ ▄  ▄ ▄█▀▄▄▀ █▀▀▀ ▀█  █▀▄▀▄  ▄█
██▄▄▄█▀▄    ▀█▄  ▀▄█▀▀▀█ ▀▀▄▀▄█▀█▀▄ █▀█▄▀▄█ █▄▀▄█▄ ▄▄█▄▄▀▀█
██ ▀▄▄█▄  ▄▄▀ ▀▀▀▄▀ █▀▄▄▀ ▀▄▄█▀█▀▄▀▄▀ ▄  █▀ █ ▀▄▀▀█ ▀█▀ █ █
█ ▄▄▀▄ ▄ █▄▄  ▀▀█▄ ▄▀▄▄█▀ ▀█  ▄▀▀▀▀ ▄ ▄   ▀▄▄▀▀ ▀▄▀ ▀ █▄▄▀█
█▄ ▀ █▄▄███▀ ▄▄▄▀█  ▄▀▄▀▀▀ █▄ ▀ ▀ ▄█▄▄█ ▄█ ▀▀ ▀▄▄▀█▀▄████▄█
███▄ ██▄▀█▄█▄▀▀██▀▀▀█ ▄ ▄█ █▀▀▄█▀ ▀█▀▀█▀▄  ▀  ▄█▄ ▄▀█▄▄▄▄▀█
█ █▄█▄█▄█▄█▀ ▄▄ ▀▀▄▄▀  █▀▄▄▄▄█▀ █  █▄ ▄ ▄█▀ █▄▀█▄▀█ ███▄▄▄█
██ █▀▀█▄██▀█▀ ██▄█▀ ▄█▀▀▄ ▀ ▄▀▀██▄▄██▀█ ▄▄██▀█▄▀███▄ ▀█▄▀██
█▀ ▄▄▀▀▄█▄█ ▄▄▀▀ ▄ ▄ ▀█▀ ▀▄  ▀  ▀█▀   █▀██▀ ▀  █▀▀█▀▄▀█▀███
█▀▄▄█ ▄▄▄  ▀▄█ █▀ ▀  ▀▄ ▀▄█ ▄▄▄ ▄▄  █▀▀▄█ ▀▀▀ ▀▀▀ ▄▄▄ ▄█▀▀█
█▄▀▄▀ █▄█ ▀▄ █▄▄▀▄▄▀▄ ▀█▀▀▄ █▄█ █  ▄▄ █ ▄▀▀ ▀▄▀▄█ █▄█  ██▄█
█ ▄██▄▄▄▄ ▀▀▀▄ ▀ ▄ ▀█▀██▀██ ▄   ▀ ▄█▀▄█▀▄▄ █▄▄ █▀   ▄ ▄█ ██
█  █▀  ▄▀ ▄▄▄▄█▀▄▄▀▄▄▀ ▀▀  ▄▄▄▀ ▄▄▄█ ▄ ▀██ ▀▀▄▀▄▀▀█ ▀▄█▄█▄█
██▄▄▀▀▄▄  █▀ █▀▀▀ █▀██ ███ ▀ ▀▄█ ▀▄███ ▄██▄▄ ▀▀▀ ▀▄▀▀▀▄█▄▀█
██▄█▄▀▀▄▀█ ██▀▀▄▄█  ▄▄▄▀▄ ▀ ▄█▄█▄▄▄▄ ▄█  ▀▀ ▀ ▄██▀█ ▀█ █ ██
█▀ ▀▀█ ▄▄ ▀█  ▄▀▀ ▄▀▀ ▄█▀█▄▀▀ ▀█▀█ ▀ █▄ ▄▄ ▄██▀▀ ▀ ▀█ █▄▄▄█
█▀█    ▄  █ ▀▄▄▄ ▄  ▀▀▄▀▄▀ ▄▄▄ ▄▄ ▄█▄▄█▀██▀ ▀  █▀  ▀ ██▀  █
█▀▀█ ▀ ▄█   █ █▀█▄▄█▄█▀█▄▀█▀▀▄ ▀▀▀▀▄  ▄▀█ ▄▄█▄ █▄▄ ▀ ▀██▄▀█
█ ▄    ▄▄▄▄▀▀ █ ▄▄▀ ▄▀▄▄▀ ▀▀▄▄▀▀█ ▀▄ ▄   ▀ ▀█▄▀█▀▀▄▄▀▄██▄▄█
█ ▀ ▀▀▄▄ ▀ ▀▄▄▀▄▀ ▀█▀▀▄   █ ███▀▀▀██▀█▄▄▀ ██  ▄ █▀▄█▄ ▀▄███
███████▄▄ █ ▄█▀▄ █▀▄▀▀▄▀▀ ▀ ▄▄▄ ▀▄▀█   ▀ █▀▀█▄▀▄█ ▄▄▄  ▀ ▀█
█ ▄▄▄▄▄ █▀█ ▄ ▀▄█  ▀▄ ▄▀█▄▄ █▄█ ▀█▀▄▄  ▄▀▄   ▀▄ ▀ █▄█ ██ ██
█ █   █ █▄▄   ██▀▀▀▄▀ ▄█▀▄█ ▄  ▄█  ▄▀ █ ▄█ ▀█ ▀▄▄  ▄ ▄▄█▀ █
█ █▄▄▄█ █▀ ▀ ▀ ▄▄█ ▀▄█▄▀▄  ▀█ ▄ ███▄██▄█▄ ▀▀▀█▄ █▀▄▄▀▄█▄███
█▄▄▄▄▄▄▄█▄▄█▄████▄▄▄█▄▄██▄█▄▄██▄███▄▄▄▄█▄█▄▄█▄██▄▄██▄█▄██▄█


[36mScan to link (Settings → Linked Devices → Link a Device):[0m
▄▄▄▄▄▄▄▄▄▄▄▄▄▄▄▄▄▄▄▄▄▄▄▄▄▄▄▄▄▄▄▄▄▄▄▄▄▄▄▄▄▄▄▄▄▄▄▄▄▄▄▄▄▄▄▄▄▄▄
█ ▄▄▄▄▄ █▀ █▀█▄   ▀█▄ ▄██▄▄▄▀▄█ ██▄ ▄██   ▄▄▀▄█▄ ██ ▄▄▄▄▄ █
█ █   █ █▄▄▀ ▄▄███▀█▀█▄▄▄▄██▄▄▄▄██▀█▄▄▄▄ ██▀█▄▀▄ ██ █   █ █
█ █▄▄▄█ █ █▀  ▀▄██ █▀█▄█▀▄  ▄▄▄   ▄█ ▄▀  ▄▄▄▀█ ▀▄██ █▄▄▄█ █
█▄▄▄▄▄▄▄█ ▀ ▀▄█▄▀ █▄▀ █ ▀▄█ █▄█ ▀▄█▄█ █ █▄█ █ █ █ █▄▄▄▄▄▄▄█
█▄▄█▄█▀▄ ▀▄█▄▀ ███▀▄█▄ ▄▀█ ▄▄▄▄▄██ ▄▄ █▄▄▄▄█ ██▄▄██▄▄ ▀▄ ▀█
█▄▀▀█ ▄▄█████▀▀█▀▄▀▄▄▄  █ █▀▄▀   ▄▀▀  ▄▀ ▀▄█ ▀▄███▄  ▀▀█▄▄█
█▀█ ▀▀▀▄▄█ ██▄▄██▀█▄ █ ▀█▄▄ █ █▀▄ █▀█▄ █▄ ██ ▄█  █ ▄  ▀▄ ▄█
█▄▄▄   ▄███  ▀█▀▄ ▀▄█▄▀ ▀▀██▀▄▄ █▀█▄▄▀█ ▀  ▀ █▀▄███ ▀█▄▄ ▀█
█ █▄▄█▄▄██▀▀  ▄▄▄▄▀ ▄  █ █ █   ▄▀  ██▄█▀ █▀██ ▄█▄██▀ █▄ █▄█
█ ▀█ ▀▄▄▀▄███ ▀▄▀▀  █▀█  █ ▄ ▀██▀▀ █ ▄█ ██▀▀▄▀█▄█▀  ▄▄███▄█
█▄▄▀▀ ▀▄▄▀▀ █▄███ ▀  █▄▄▄ █▀ ▄▄▄▀▀▄▄▀ ██ ▄▄▄▄██▄▀██▄▀▄  ▄▀█
█▄█  ██▄▄▄▄▄▀▄███ ▄▀▀  ▄▀▀▄██▄▄▄▀ █ ▀▀ ██▀ ▄▄▀█▄ ▄ ▀▀  █▄ █
███   ▀▄██▄█▄█▄▄▄▀▄ ██▀▄▄██▄▄▄▄▄▄▀██▄▄ █▀ █▄▄▄▄ ██ ▄  ▀█ ▀█
█  ▄▄ ▄▄▄ █ ▄ █  ▄▀▀▄▀█▄▀█▀ ▄▄▄  ▄▀ █ █▄▄▄█▄█  ▀▄ ▄▄▄ ▄▄█▀█
█ ▀   █▄█ █  ▀███▄▄█▄ ██▀█▄ █▄█ █ ▄▄▄▄▄  ▀▀█▀▄▄▄█ █▄█ █ █▄█
██▀   ▄▄   ▀ █  ▀▄  █  █ ▄█▄▄   ▀▀█▄ ▀█ ▀▄█▄▄█ ▀█ ▄▄▄ ▄▄ ▄█
█▄▀  ▀█▄   █▀ ▄▄▄▄▀ ██  ▄▄▀▀▄▄▄▄█▀ ▄▀  █  █▄ ███▄▀▄██▄ ▀ ▀█
█ █ ▀▄▀▄█▄▄▄█▄▄▄▄▄  █ ▀ ▀██▄▀▀▀▄█▄█  ▀█▀▄█ █ █ █▄ ▀▄▄ ▀▄█ █
█▀▀▀ ▄█▄▄▀▄ ▀▄▄   ▄▄▀  ▄ ▄▄▄  ▄    ▀ ▄ ▄  █▄ ▄  ▀█ ▄█ ▄▀█ █
█ ▄▀ ▀ ▄  ▀  █▄█ ▄▄ █ █▀▀▄ ▀ ▄█ ▄█▀█ █  █▀ █▀█ █  ▄▀▄▄██ ▄█
███ ▄█▄▄  █▀▀▄▄▀▄▄ ▄▀▀ ▀▄█ ▄ ▄  ▄  █▄ █▀▀█▀▄▀ ▄█▀▄▄▄▄███  █
█ ▀▄▀▀ ▄█▀▄▄ ▄ ▀▄▄█▄▄▄ ██ ▀  ▄▀ ▀ ▄▄▀▀  ▄ █▀██▀▀▀▀▀ ▀▀██▄ █
█▄█ ▀  ▄▄▀  ▄▄█  █▄▄█▄ █▄▄▀  █▄█▄█▄▄█ █▄▄ █▄▄▀▄█  ▄█▄█▄▄█▀█
█ ▀ ▀▀▄▄█▄▀▄▀█▄▀ █  ▄▄▄██▀ █▄   ▄▄▄ ▄▄▄▀▄▀▀███▀▀▀▄▀ ▀▀▀▄  █
███████▄█▀▀█ ▀▄ █  ▄▀▄ ▄█▄▄ ▄▄▄ ▄ █  ▄ ▄  ▄▄▀   ▀ ▄▄▄ ▄▄▀▀█
█ ▄▄▄▄▄ █▄▄▄▄▀█▄ ▄    ██    █▄█ █▀    ▄▄█▀  ▄ ███ █▄█ █▄ ▀█
█ █   █ █▀  ▀▀███▀▀ ▀  █▀ █ ▄   █ ▄▄▄ █  █ █▀▄█▄█▄ ▄  ▄▀ ▀█
█ █▄▄▄█ █▀▄ ▀▄▄███▀ ▄▄█▀█▀  ▀▄█▀██▄▄█▄▄▄▄▀  ▀▄█ ▄ ▄█  ▄██▄█
█▄▄▄▄▄▄▄█▄█████▄███▄▄█▄▄▄▄▄█▄▄▄▄▄▄███▄█▄▄▄█▄▄██▄█▄▄▄▄▄██▄██


[36mScan to link (Settings → Linked Devices → Link a Device):[0m
▄▄▄▄▄▄▄▄▄▄▄▄▄▄▄▄▄▄▄▄▄▄▄▄▄▄▄▄▄▄▄▄▄▄▄▄▄▄▄▄▄▄▄▄▄▄▄▄▄▄▄▄▄▄▄▄▄▄▄
█ ▄▄▄▄▄ █▄█ ▀█▄▄██ ▄▄█▀▀  ▄▀▄▀█ █ █▀▀▀ ▀ ▀█ ▄█ ▄ ██ ▄▄▄▄▄ █
█ █   █ █ ▄▀▀▀▀█▄▄▄ ▄█▄▄▀▀ █▄▄▀▀▀▄▀█ ▀▀▄██ ▄ █▀▄ ██ █   █ █
█ █▄▄▄█ █▄█▀▀   ▀▀▀▄ ▀ ▀ █▀ ▄▄▄ ▄█ ▀   ▄█▄██▀█▄▀▄██ █▄▄▄█ █
█▄▄▄▄▄▄▄█▄▀▄█▄█ █▄█▄▀▄▀▄▀▄█ █▄█ ▀ ▀ █ █▄▀ █ █▄▀▄█ █▄▄▄▄▄▄▄█
█  ▄▄▀█▄▀▄ ▄█▄████▄▀ ▄ ▄▄ ▀ ▄▄   █ ▄▀█ ▄▄▄▀ ███▄▀  █▀ ▄ █ █
██ █▀██▄▄ ▀▀▄█ ▀█  ██ ▄▄▄▀▄█▄▀▀▀▀ █▀▀▀▀▀▄█▀▄▀█▄██▄▄█ █ ▄█ █
█▀█▀█▄▀▄█▀█▄█▄▄  ▄█▄  █▄█▄█▄█▀█▀▄█ ▄█▄█ ▀█▄▄ ▀▀█ █ ▀▀█▀  ▀█
█  █▄ █▄ ██ █▄ ▀▄ ▀  ▄▀▀▄▄ █ ▄██ ▀▄ █▄█ ▀ ▀▀█▀ ▄█▄  ▀█ ▀█▀█
█ ▄ ▄▀█▄▄▀██▀▀█ ▀  ▀ █ █▀█▀▀▄▄ ▄ ▄▄ ▀█▄▄▄█▄█▄ ▄ █▄▄█▄▀▄   █
█▀▀██▄ ▄▀▀  █ ▀▀▀▀   ▀ █▀  ▀█▄██▀▄█ ▀█▄█▄█ ▀▄▀  █▀▄█▀▀██ ▀█
█  ▀▀▀ ▄▀▀▀ ▀  ██ ▄███▄▄▀█ ▀ ▄▀▀▀▀▄▄ ▀ █ ▄▀▀███▄▄  ▄▀▄██ ▀█
██▄▄▄▀▄▄█ █▄▀▄█ ▀▄█  ▄▄   █▀▀ ██ ▄▀▄▀▀▀▀▀▄▀█▄▄▀ ▀█▄▄█ ▀▄█▄█
█████▀ ▄▀█▄ ▄██▀▀▄▄ █ ▄▀▄█▀▀▀▀▄▄▄▄  ▄▄  ▄██▄▄▀▀██▄ ▀██▀█ ▄█
███▄▄ ▄▄▄ ▄▀   █ ▄▄▄▀▀█▄▄ █ ▄▄▄ █▄▀▄ █▄▄▄▄▄▀  ▄█▀ ▄▄▄ █▀ ▀█
█▀ ▄█ █▄█ ▄ ▀  █▀ █▄█▄▀▀ ▄█ █▄█ ▄▄▀▀███▄▄█ ▄    ▄ █▄█ ▀▄▄ █
█ █▄▀▄ ▄▄▄█▄ █ █▄▀▀▄██ █ ▄▄▄ ▄  ▀▄▀  ▀  ▄██▄ ▄█ ▀ ▄ ▄▄█▄ ▀█
█▀▀█ ▀ ▄▄▀ █▄█▀▄██▀█ ▄▄ ▄ ▄▀▄█▀▀ ▀ ▄▄▀▄█ ▄▀ ▄█ ██ ▀█ ██▄▀██
█▀ ▄█  ▄ ▄  ▄██ ▄▀▀▀▀ █▄ ▄▄ ▄▀ █▄ ▀▄█▀▄█▀ ▀▄▀█▄ ▄▀  █▄ █  █
█ ▄▄█▀█▄▄▄▀█ ▀▄███▄▄▀██▀ ▄▄▀██ ▄▀██▄   ▀▀██▄▄▀██▀█ ▀ █▄▀▄██
██▀▀ ▀█▄█   ██▄  ▄▀█  █▀▄▀█▀ ▄▄█▀█▀█▄▀█ █ █ ▄▄ ███▀▀▄▄  █▄█
█▄▄▄ ▄▀▄▀▄ ▀ █▄▀  ▀█ █▄██▄▀ ▄ ▀▀█▄▄▀█▀▄██▀ █ ▄ ▀ █   ▀▄▄▀▄█
█ ▀▀▄▄ ▄█▄▀▄   █▀▀█▄▄▀█ █ ███▀▀ ▀██▀▀▀▄▀▀█▀▀█  ▄█▀▄▀▄▄█▄▄██
█▀ ▄▄▄▄▄██▀▄▀▀▄█ █▀▀ ▄ █▀▀▄▄ █▀ ▀███ █▀▄▄ ▀▀▀▀██▀ █▀ █ ▀ ▀█
█ ▀ ▀▀▄▄ ▄█  ▄██▄▀ ▀█ ▀ ▄    ▄▀▀█ ▀█▀▀▄█▄█▀▄▄▀▄█▀  ▄▄█ █▀▄█
███████▄█▀▄  ▀▄█▀▄ ▄ ▀▄▀ █▄ ▄▄▄ ▄█ ██  ▀▀██▄▄▀ █▀ ▄▄▄ █▄▀▄█
█ ▄▄▄▄▄ ██▄▄▀▄ ▄█▀███ ██▀▀█ █▄█  █  ▀█ ██ ▄▄ █▄█▄ █▄█  ▀ ▀█
█ █   █ █▀▄▄▀▀▄▀▀█ ▀ ▄▄▀ ▀▄▄▄   ▄   ▄▀▄▄▄█▀▄▄ ▀ █▄   ▄█  ▄█
█ █▄▄▄█ █ ▀▄█▄▀   ▀ ▄▀ ▄█▀ ████▀▄ ▀▀█▄▄▀▀█  ▀▀ █▄ ▄ ██▄██▀█
█▄▄▄▄▄▄▄█▄█▄█▄▄▄██▄███▄▄████▄████▄██▄█▄▄▄▄▄████▄▄██▄▄▄▄▄███


[36mScan to link (Settings → Linked Devices → Link a Device):[0m
▄▄▄▄▄▄▄▄▄▄▄▄▄▄▄▄▄▄▄▄▄▄▄▄▄▄▄▄▄▄▄▄▄▄▄▄▄▄▄▄▄▄▄▄▄▄▄▄▄▄▄▄▄▄▄▄▄▄▄
█ ▄▄▄▄▄ █ ▄ █▀▀█ █▄▀█   ▀ ▀ █▀▀▄ ▀ ██▄▀▄▄█▀▄▄▀▀▄ ██ ▄▄▄▄▄ █
█ █   █ █ ██ ▀ █▄▀▀▄▄▄█ ██▀██ ▄█ ▄ ▀█▄ ▄▄ █ ▄▄ ▄ ██ █   █ █
█ █▄▄▄█ █▀▀▀ ▄▀▄▀█ ▀▀█ █▀   ▄▄▄ █▀ █▀ ▀ ▀ ▄ ▄▀▄▀▄██ █▄▄▄█ █
█▄▄▄▄▄▄▄█▄▀▄▀▄█▄▀ █▄▀ █ ▀▄█ █▄█ ▀▄█▄█ █ █▄█ █ █ █ █▄▄▄▄▄▄▄█
█ ▄▀▀▄▄▄▀█▄ ▄▀▀ ▀▄▄ ▄▀▄█▄▀█  ▄  ▄ ▄█▀▄▄▀ █▀▀▀ ▀██▀▀▀ ▀▄  ▄█
██▄▄▄▄ ▄ █ █ ▄▄  ▀▄█▀▀▀█ ▀█▄▀ █▀█▀ ▄█▀█▄▀▄▀▄█▄█▄▄  ▄██▄▄▀▀█
██ ▀ ▄█▄▄█▄▀▀ ▀▀▀▄▀ █▀▄▄▀ ▀█ █▀█▀▄▀█▀ █▀ █ ▀█ ▀▄▀ █  ▀▀ █ █
██▄  ▄ ▄ ▄▄▄  ▀▀█▄▄▀▀▄ ▀▀ ▀█▀  █▀▀▀▀▄  ▀▄ ▄▄▄▀▄▄▄█▀  ▀▀▄▄▀█
█▀████▄▄███▀ ▄▄▄ █  ▄ ▄▀▀▀ █▄ ▀▀▀ ▄██ █▀ █▀▀█  ▄▄▀█▀▄█▄█▀ █
██▀▀▀█▀▄▀█▄█▄▀▀██ ▀▀█▀▄ █  █▀▀███▄▀█ ▄▄  ▀ ▀  ▄█▄ ▄▀█▄▄▄▄▀█
█▄▄▄█▄▄▄█▄█▀██▄ ▀▀▄▄▀  █▀▄▄▄▄█▀ ▀  █ ▄▄ ▄█▀ ▄ ▀█▄▀▄ ███▄█▄█
██ █▀█▄▄▀▀▄ ▄█ █▄█▀ ▄█▀▀▄ ▀ ▄▀▀███▄██ █ ████▀█▄▀██ ▄ ██▄▀██
█▀ ▄▄▄ ▄▀ ▄▄ █▀▀ ▄ ▄ ▀█▀ ▀   ▀  ▀█▀   █▀██▀ ▀  █▀▀█▀ ▀█▀███
█▀▄▄█ ▄▄▄ █▀▀▀ █▀ ▀  ▀▄ ▀▄▄ ▄▄▄ ▄▄  █▀█▄█ █▀▀ ██▀ ▄▄▄ ▄█▀▀█
█▄▀▄▄ █▄█ █▀ █▄▀▀▄▄▀▄ ▀█▀▀▄ █▄█ █  █▄ ▄▀▄▀▀▀▀▄▀█▀ █▄█ █ █▄█
██ ██▄ ▄ ▄▀▀▀▄ ▀ ▄▄▀█▀█ ▀██ ▄   ▀ ▄█▀ █▄▄▄▀ ▄ █ █▄  ▄ ▄█ ██
█▄▄▀█  ▄  ▄▄▄▄█▀▄▄  ▄ ▀▀▀▀ ▄▄▄▀ ▄▄▄█▄ ▄ ▄▀▀ ▀  ▄▀ █ ▀▄▄▄█▄█
█▄▀▄█▀▄▄▄▄█▀ █▀▀█▀█▀▄▄ █▄▄ ▀█▄▄█ █▄█▀▄▀█ ▀▄█▄▀▀▀▀▀▄▀ ▄▄████
█  █▄▀▀▄▀█ █ █▀▄▄█  ▄▄▄▀▄ ▀ ▄█▀▀█▄▄▄  █  ▀▀ ▀ ▄██▀█ ▀█ █▀██
█▀ ▀▀█ ▄▄ ▄█▀▄▀█▀ ▄▀▀ ▄█▀█▄▀▀ ▄▀▀▄ ▀ ▄▄ ▄▄ ▄▄▄▀▀ ▀ ▀█ █▄▄▄█
█▀█   ▀▄   █▄▀▀  ▄  ▀▀▄▀▄▀ ▄▄▄ ▄▄ ▄█▄▄█▀██▀ ▀  █▀ █▄ █▀█  █
█▀▀█ ▄▄▄█ ▀▄ ▀▄██▄▄█▄█▀█▄▀█▀▀▄ ▀▀▀▀   ▄██   █▄▄▀▄▄▀▀ ▀██▄▀█
█ ▄ ▀ ▄▄██▄▀▀ █ ▄▄▀ ▄▀▄▄▀ ▀ ▄▄▀▀█  █ ▄▄▀ ▀▄ █▄▀▄███ ▀█▄ ▄▄█
█ ▀ ▀▀▄▄▀▄ ▀▄▄▀▄▀  ▀▀▀▄▄  ▄ ███▀▀▀██▀▀ ▀█ █    ▀▀▀▄██▀▀████
███████▄█ █ ▄█▀▄ █▀▄█ ▄▀ ▀▀ ▄▄▄ ▀▄▀█ ▄▀  █ ▀ ▄▀▄▀ ▄▄▄  ▀ ██
█ ▄▄▄▄▄ █▀█ ▄ ▀▄▄  ▀█▀▄▀▄▄▄ █▄█ ██▀▄█▄▀▄ █ ▀▄▀█ ▀ █▄█ ██ ▀█
█ █   █ █▄▄ ▄▄██▀▀▀▄▀ ▄█▀▄█ ▄  ▄█  ▄▄ █ ▄▀ ▀▀▄▀▄█  ▄ ▄▄█  █
█ █▄▄▄█ █▀█▄▄█ ▄▄█ ▀▄█▄▀▄  ▀▀▄▄ ███▄██▄█▄ ▀▀▀█▄ █▀▄▄█▄█▄███
█▄▄▄▄▄▄▄█▄▄█▄████▄▄▄█▄▄██▄█▄▄██▄███▄▄▄▄█▄█▄▄█▄██▄▄████▄██▄█


[36mScan to link (Settings → Linked Devices → Link a Device):[0m
▄▄▄▄▄▄▄▄▄▄▄▄▄▄▄▄▄▄▄▄▄▄▄▄▄▄▄▄▄▄▄▄▄▄▄▄▄▄▄▄▄▄▄▄▄▄▄▄▄▄▄▄▄▄▄▄▄▄▄
█ ▄▄▄▄▄ █ ▄ █▀ ▄▄▀█▀█   ▀ ▀ █▀▀▄ ▀▀▀  ▀ ▄▀▄▄▀ ▀▄ ██ ▄▄▄▄▄ █
█ █   █ █ ██ ▀ ██ ▀▄█▄█ ▄█▀██ ▄█ █ ▀█▄ ▄█ █  ▄ ▄ ██ █   █ █
█ █▄▄▄█ █▀██▀▄▀▄▀█ ▀▀█ █▀   ▄▄▄ ▄▀ █  ▀ ▀▀▄ █ ▄▀▄██ █▄▄▄█ █
█▄▄▄▄▄▄▄█▄█▄▀▄█▄▀ █▄▀ █ ▀▄█ █▄█ ▀▄█▄█ █ █▄█ █ █ █ █▄▄▄▄▄▄▄█
█ ▄▀▀▄▄▄█▀ █ ▄▀ ▀▄▄ ▄▀▄█▄▀▀  ▄  ▄ ▄█▀▄▄▀ █▀▀▀ ▀█▀▀▀▀ ▀▄  ▄█
██▄▄▄▄ ▄▄▀ ██▄▄  ▀▄█▀▀▀█ ▀▀██ █▀█▀▄ █▀█ ▀▄▀▄█▄▀▄▀▀ ▄ ▄▄▄▀▀█
██  ▄▄█▄▄▄█▀▀ ▀▀▀▄▀ █▀▄▄▀  ▄ ▀▀█▀▄█▄▀ ▄  █▀ █ ▄█  █ ▄█▀ █ █
█ ▄ █▄ ▄▀▄▄▄  ▀▀█▄▀ ▀▄  ▀ ▀█▀▀▄█▀▀▄▀ ▄█▄▄▄▀▀▄▀▀▀ ▀▀ ▀▀██▄▀█
█▀▄▀ █▄▄███▀ ▄▄▄▀▄ ▄▄ ▄▀▀  █▄   ▀ ██  ▀▀▄█▀▀█▄▀▄▄▀█▀▄███▀▄█
█ ▀▄ █▀▄▀█▄█▄▀▀█▀▄▀▀ ▄▄ █▄ █▀▀█▄█ ▀███▄  █ ▀█▄▄▄▄  ██▄▄▄ ██
█ ▄▄█▀▀▄█▄█▀▄█▄ ▀▀▄▄▀  █▀▄▄▄▄█▀ █▄ █  ▄  ▀▀ █ ▀█▄▀▀ ███▄▄██
██ █▀█▀▄█▀███▀ ▄▄█▀ ▄█▀▀▄ ▀ ▄▀▀█▄█▄█▄ █ ▄███▀▄▄▀██▄ ▄██▄▀██
█▀ ▄▄ █▄▀▄   █▄▄ ▄ ▄ ▀█▀ ▀▄  ▀  ▀█▀   █▀██▀ ▀  █▀▀█ ▀▀█▀███
█▀▄▄█ ▄▄▄ ▄ █▄█▄▀ ▀  ▀▄ ▀▄  ▄▄▄ ▄▄ ▄█▀█ █ ▀▀▀ ▀▀█ ▄▄▄ ▄█▀▀█
█▄▀▄▀ █▄█  ▀ ██ ▀▄▄▀▄ ▀█▀▀▄ █▄█ █  ▄▄ ▄ ▄▀  ▀▄██▀ █▄█ ▀██▄█
█▀▄█▄▄▄▄  ▀▀▀▄ ▀ ▄▄██▀▀ ▀██▄▄   ▀ ██▀▄██  █ ▄ ▄▀█▄ ▄  ▄▄ ██
█▀██▄  ▄▀▀▄▄▄▄█▀ █ ▄█  █▄▀ ▄▀█▀ ▄▄▄█  ▄▀▄█▀ ▄  ▄▀▄█ ▀▄▄██ █
█ ▄ ▀▀▄▄  █▀ █▀▀▄ █▀▄  █▀█ ▀  ▄█▄▀▄█ ▀▀▄ ▄█▄     ▀▄▀▀ ▄█▄██
█▄ █▄▀▀▄▀█ █▀▀▀▄▄█  ▄▄▄▀▄ ▀ ▄██▄█▄▄▄  █ ██▀ ▄▄▄██▀█ ▀█ █▀██
█▀ ▀▀█ ▄▄ ▀ ▄▄▄▀▀ ▄▀▀ ▄█▀█▄▀▀ ██▀▄ ▀▀█▄ ▄█ ▄▄▄▀▀ ▀ ▀█ █▄▄▄█
█▀█  ▄▄▄  ▀▄  ▀▄ ▄  ▀▀▄▀▄▀ ▄▄▄ ▄▄ ▄█▄▄█▀██▀ ▀  █▀ ▀▄ █▀█  █
█▀▀█ ▀ ▄█ ███ █▄█▄▄█▄█▀█▄▀▀▀▀▄ ▀▀▀▀   ▄▀█ ▄▄█▄ █▄█▀▀ ▀▄█▄▀█
█ ▄█▄█▄▄▄▄▀ ▀ ▄ ▄▄▀ ▄▀▄▄▀  ▄▄▄▀▀█ ▀█ ▄█▀ ▀▀▀█▄ ▄▀▀▄ ▀▄▄▄▄▄█
█ ▀ ▀▀▄▄▄▄ ▀▄▄▀▄▀  ▀▀▀▄▄  ▄▀███▀▀▀▄███▀▄█▄▄▄▄  ▄█▄▄▀█▀▄▄███
███████▄▄ █ ▄█▀▄ █▄  ▀█▀▀ ▀ ▄▄▄ ▀▄▀█  ▄  ▀  ▀▄ █▀ ▄▄▄ ▀  ██
█ ▄▄▄▄▄ █▀█ ▄ ▀▄▄▄ ▀  ▄▀▄▄▄ █▄█ █▀▀▄ ▄ █▀ ▀ ▄▀▄▀▄ █▄█ ██ ▀█
█ █   █ █▄▄ ▄ ██▀▀▀▄▀ ▄█▀▄█    ▄   ▄ ▄█  █ ▀▄ ▀▄█  ▄  ▄█▀▀█
█ █▄▄▄█ █▀▀█▄█  ▄█ ▀▄█▄▀▄  ▀▀ ▄ █▄█▄▄▄▄██▀▀▀ ▄▄ █▀▄▄ ▄█▄███
█▄▄▄▄▄▄▄█▄█▄█▄▄██▄▄▄█▄▄██▄█▄███▄███▄▄▄▄█▄█▄▄█▄██▄▄██▄█▄██▄█

(reconnecting, code 408)

[36mScan to link (Settings → Linked Devices → Link a Device):[0m
▄▄▄▄▄▄▄▄▄▄▄▄▄▄▄▄▄▄▄▄▄▄▄▄▄▄▄▄▄▄▄▄▄▄▄▄▄▄▄▄▄▄▄▄▄▄▄▄▄▄▄▄▄▄▄▄▄▄▄
█ ▄▄▄▄▄ █▄▀███▄▀▀▀▄  ▀ ▀▄ ▀█▀█▄▄ ▀█▀██▀██▀ ▄█  ▄ ██ ▄▄▄▄▄ █
█ █   █ █ ▀█ ▀ ██▄█▀▄▄▄█ ▀ █ █ ▀ ▄▀ ▀▀▄█▄▄▄█▀▄▀▄ ██ █   █ █
█ █▄▄▄█ █▄█ █▄▀ ▀▀█▄ ▀▀  █▀ ▄▄▄ ██▄██▄▄ ▄▄█▀ ▄▄▀▄██ █▄▄▄█ █
█▄▄▄▄▄▄▄█▄▀ ▀ ▀▄█▄▀ ▀▄▀ ▀▄█ █▄█ ▀ ▀ █ █▄▀ ▀ █ █ █ █▄▄▄▄▄▄▄█
█▄   ▀▀▄█ ▄▄█▀█▀█▄ █▀██ ▄ ▀▄ ▄   █ ▄█▀▀██  ▀█▀█▄▀▀ ██ ▄ █ █
█▀█▀▀▀▄▄▀█▄    ▀▀█ ██ ▄▄▄▀▄█▄█▀▀▀ ▀▀▄█ ▄ ▄ ▄▄ █▄ ▀▀▀   ▄ ▄█
██ █▀█▄▄███▄ ▄▄ █▄█▄▀ █▄██▀ ▀▀█▀ ▀ █▄ ▄  ██▄▀█ ▄██ ▀██▀ ▀ █
█ ▄▄▀▀▀▄▄ ▀▀▄▀▀█ ▀▀▀█▄▀  ▀ █ ██▀  ▀▀▀█▀▄▄▄█▄█ █▀   ██▀▀▀▀▀█
█▄▄██ ▄▄▄ ▄ █▄  ▀▀██▄█▀██▄▀▄▄▄▀█▀▄▄  ▀▀▄ ▀▀▄▄  ▀ ▄▄▄▄█▄█▄██
█▄  ▄█▄▄█ ▀▄█ ▀▀█▀▀▄▀   ▄▀▀▀▀ ▀▀ ▄█▄▄ ▄▄█▀█▀ ▄▀▀▄█▀ ▄  ▄ ██
█▄█▄ █ ▄▄▀▀▀▀█ ██ ▄████ ▀█▀▀▀  ▀█▀▄█▀▀ ▄▀▄▀  ▀█▄▄ ▀▄   ▄▀ █
█▄ ▄▄▀▄▄▄ ▀▀█▄▀▄▀▄ ▄ ▄██  █▀ ███ ▄▀█▀▀ █▄█  ▀▄ ▀▄▀ █▄█ ██▄█
█▀▄▀ █▀▄▄ ▄▀▀▀ ▄ ▄▄▄█ ▀▀███▀ █▄▄▄▄  █▄█ ▄█▄█ ▀ ▄██ ▀▄█ ▄ ▄█
███▄  ▄▄▄ █▄▄█▀ ▀█▄▄▀▀█▄▀▀█ ▄▄▄ ▀ █▄▀█▀▄▄▄█ █▀  ▀ ▄▄▄ ▀▀▄▀█
██  ▄ █▄█ ███▀█▄▀ █▄██▀▀ ▄▀ █▄█   ▄ ▀▀▄▄ █▀▄ ▄  █ █▄█   ▀██
█▀ ▄█▄▄▄▄▄█▀▄ ██▄▀ ▄ █▄▄▄▀ ▄▄   ▄▄▀   ▀▀█ █▀▄█▀▄     ▄██▄▀█
█ ▄▀▄▀▄▄ ▀▀▄▀█▀▄▄▄ █▀█▄ ▀▀█▄▀█▀▀▀█ ▄▄▀▀▄▄ ▀▀█▀▀▄▀▀▀▄ █▀ ███
█▀█▄▀▄ ▄ ▀▀██▀▄▀█ █▀▀█ █ ▄▀█   ██▄█ ▀▀ █▀ ▀▄▀ ▄ ▄     ▄▄▄▄█
█   █▄█▄█▀▄▄██ ▀██ ▄▀███ ▄█ ██▀▀▄▀ ▄ ▄ ▀████ ▀▀▄▀▄█ ▀▄ ▀███
█▄█ ██▀▄▀▄ █ █ ▀ ▄▄▀  ██▄▀█▄ ▄▀█ ▄ ▄ █ ▄█ ▀▀█ ▀   ██▄  ▀█▄█
██▀▄▄█▄▄▀█▄▄ █▀ ▀▀█▀ █▄█▀▄▀ ▀ ▄▄█▄▄▀▄█▄█▀█▀█  █▀ ▄██▄   █▄█
█▀▄▄██▀▄▄▀ ▀  ▄ █▀█▄ ▄█ █▄▀█ ▄█ █▀▀█▀████▄█▀█ ▄▄▄█ ▀▀ ▀█▄▀█
███▀▄▄▄▄ ▄ ▄ █▀ ▄▄▀▀ █ ██ ▄▀▄▄ ██▀██▄▀ █ ▄ ▀▀█▄█▀▀ █▄█▄▄▄▄█
█ ▀ ▀▀▄▄▀▀▄ ▄▀▀█ ▀▀█ ▀▀███ █   ▀█  ▄   ▀▄██▄▄ ▀ ▄   ██ █  █
███████▄▄▀▀▄▄██▀▀██ ▀  ▀ █▀ ▄▄▄  ▀ ██  ▀██▀█ █▄▄█ ▄▄▄  ▄▄▀█
█ ▄▄▄▄▄ ██ ██▀ █  █ █▀▄ █ █ █▄█ ▀▀▀▄▀▄▄██▀ ▄▄█▄██ █▄█   ▀▀█
█ █   █ █▀▀▄██▄█▀██▀ ▄▄▀ ▀▄▄▄   ▀▄ ▀██▄█▀▀▀█  ▀ ▄▄▄ ▄▄ █ ▄█
█ █▄▄▄█ █  ▀█▀▀▄   ▄▄▀ ▄█▀ ████▀█ ▀▀█▄▄▄▄▀▄   ▄  ▄ ▀▀▀███▀█
█▄▄▄▄▄▄▄█▄▄██▄▄▄▄▄▄█▄▄▄▄▄▄███▄███▄██▄█▄█▄▄▄███▄█▄▄▄▄█▄█████


[36mScan to link (Settings → Linked Devices → Link a Device):[0m
▄▄▄▄▄▄▄▄▄▄▄▄▄▄▄▄▄▄▄▄▄▄▄▄▄▄▄▄▄▄▄▄▄▄▄▄▄▄▄▄▄▄▄▄▄▄▄▄▄▄▄▄▄▄▄▄▄▄▄
█ ▄▄▄▄▄ █▀▄ ██▄▄  ▄▀▄▄█▄  ▀ ▄ ▄▄ ▄▄ ▄▄  █▀▄▄ ▄█▄ ██ ▄▄▄▄▄ █
█ █   █ █▄▀██ ████ ▄ ▄▄█▄███ ██▄█▄▀ ▄█▀█▄▄▀ █▄▀▄ ██ █   █ █
█ █▄▄▄█ █ █▄▄▄ ▄██▄█▀██▄▀▄  ▄▄▄ ▄█ ▀▄ █▄█▄▄ ▀  ▀▄██ █▄▄▄█ █
█▄▄▄▄▄▄▄█ █▄▀▄▀ ▀ ▀ ▀ █▄▀▄█ █▄█ ▀▄█▄█ █ █▄▀ █▄▀▄█ █▄▄▄▄▄▄▄█
█ ▄▀ █▀▄ █▀▀ █ ▀█▄█ ▄██ ▀█ ▄ ▄▄▄██ ▄ ▄▄██ █▄ ▀█▄▄██▄  ▀▄ ▀█
█ ▄████▄▀▄▄▄▀▄▀██▀▀▄▄▄  █ █ ▄█   ▄███▄▀ ▄ ▀▀█▄▀ ▄█▀▄█▄▀█▀ █
██ ▄█ ▄▄█▀█▄ ▄▄█ ▀█▄▀█ ▀██ █▄▄█▀ ▄█ ▄  ██ ▄▄▀ █ ▄█ ▄▄▄▀ ▀██
█▄ ▄▄▀▄▄  ▀▀▀▄▄█ ▀█▄ ▄▄▀█▄██ ▄▄ █ ▀█ ▄▀▄▄▄▀█    ▄████ █▄▄▀█
█ ▄█▀▄█▄█▄ ▄▄█▀▄ ▄▄▄▄▀▄▀ ▄    ▀▄   █   ▀ █ █▀ ▀▄▀██  ▀█▄███
█▄▀▄ ▄ ▄██▄▀█ ▀▄▄ ▀▄█ ███▀▀▄▄█▀ ▄▀ ▀▄▄▄▀██▄▀████▄█▀█▀█ ▄█ █
█▄ ▄ █ ▄▀▀▀▀█▀███ ▀  ██ ▄ ▄▀▀ █▄▄▀▄█▀▄█▄█ ▄█ ██▄▀█ ▄  █▀█▀█
██▀  ▀▀▄█ ▀▄▀ █▀█ ▀█▀ ▀▀▀▀▄█▄▀▄▄▀ █▀▀▀▀▀▀ ▀▀▀ ▄██ █▀▄█▀▄▄ █
█▀▄▄█▄▀▄▄  ▀▄██ █▀▄▄██▄▄██▀▄█ ▄▄▄▀███▄██▀ ▄█ ▄█▀██▀▄▄▄ ▄ ▀█
█  ▄  ▄▄▄ █ ▄▀▀ ▀█▀▀▄▀█▄▄▄  ▄▄▄ ▄ ▀▄▄   ▄▄ ▀ ▀ ▄▀ ▄▄▄ ▄▄▀▀█
█▄▀▄▄ █▄█ ▀█▄ ▀██▄▄█▄▀██▀█▄ █▄█ ▀▄█▄  ▄▀▄▀▀▄▀ ██▀ █▄█  ▀ ▀█
█▄█▄█▄▄▄ ▄ ▄▄ █ ▀▄ ▄  █▄▄▀ ▄ ▄  ▄▀██▄▄█▀▄█  ▄ ▀█▄  ▄▄ ▄▄▄▄█
█▄▄▀▀▀▀▄ █▀▄▄ ▄▄███ ▄▄█ ▄▄ ▄ █▄▄▄█ ▄█ ▄█▄▄▄█▄▀▄█ ▄▄▄ █▄▄▄▀█
█▀▀▀█ ▀▄▄▄█▀▄ ███ ▄ ▀▀▄▀▄█ ▀  ▀▄▄▄▀▄ ▄ ▀ ▀▀▄█▄ ██▀▀▄▄▀██▀▄█
█ ▄█ ▀█▄█▄▀▀▀█ ▄   ▄▀    ▄██  ▀ ▄▄█▀▄  ▄ ▄██▄ ▄▀▀▄██▄▀ ▀█ █
█▀  ██▄▄▄▄▀▀▀▀█  ▄▀▄█ ██▀▄ ▄ ▄▀ ▄█ ▄▄ █▄█ ▄▄ ▀▀ ██ █▄ █▄ ▄█
█▄   ▄▄▄ ▀ █ █▀███▄ ▀▀ ▀ █ ▄█▄██▄  ██▄█▀█▀ ▄▀▄▀█▀██▄ ▄██▄ █
█▀▄▀ ██▄▄▄█ ▀██▀ ▄█▄ ▀ ██▄▀ █▀█ █▄  ▀██  ▀▀▀████▄ ▀ ▄█▄█▄▄█
█  █▀▄▀▄▀▀▀▄█ ▄█▄▄▄▄██ █ █▀▀▄▄█  ▀ ▄▀▄▀█ ▄▄█▄█▄█ ▄▄▀██▀█▀▄█
█ ▀ ▀▀▄▄▄▄ ▄█  ▀▄██▄▀█▄█▄▄ █▄▄▀ ▄▄▄ █▀▀█ ▀▄█▀ ▀▀▀▀█▄▄▄▀█▀▄█
███████▄▄ ▄▀▄██▄█▀▀  █  ██▀ ▄▄▄  ▄█ ▄ ▄█  ██▄ █ ▀ ▄▄▄ ▀█ ▄█
█ ▄▄▄▄▄ █▄ █ ▄██ ▀ ██▄▄ ▄▄  █▄█ ▄▀▀▄▄  ▄█▄█ ▀ ▄▄  █▄█ ██▄██
█ █   █ █▀█ ▀ █▀█▀▄ ▀  █▀ █     █ ▄█  █▀ ▀ ▄▀▄█▄█▄▄▄ ▄▀▄▀ █
█ █▄▄▄█ █▀ ▀▀▄█ ██ ▄▄▄█▀█▀  ▄▄█▀▄▄▄▄█▄▄▀▀█▄ ▀█▀█ ▄ ▄▄▄███▄█
█▄▄▄▄▄▄▄█▄▄███▄▄▄▄█▄█▄▄▄██▄███▄▄▄▄███▄██▄▄█▄▄█▄████▄█▄▄▄▄██


[36mScan to link (Settings → Linked Devices → Link a Device):[0m
▄▄▄▄▄▄▄▄▄▄▄▄▄▄▄▄▄▄▄▄▄▄▄▄▄▄▄▄▄▄▄▄▄▄▄▄▄▄▄▄▄▄▄▄▄▄▄▄▄▄▄▄▄▄▄▄▄▄▄
█ ▄▄▄▄▄ █  █▀▀▀ ▄▀ ▄█▄  ▀ ▄▄ █  █  █ ▀▀ █▀ ▄▄▀▀▄ ██ ▄▄▄▄▄ █
█ █   █ █  ▀██▀█▄  █▄██▀▄▄▀█▀▀██▄▄ ▄█▄██▄ ▀▀ ▄ ▄ ██ █   █ █
█ █▄▄▄█ █▀▀▄▄█ ▄▀█▄▀▀█▀▄▀   ▄▄▄ █▀▄▀ ▄█▄▄▄▄▄▀█▄▀▄██ █▄▄▄█ █
█▄▄▄▄▄▄▄█▄█ █▄▀ ▀ ▀ ▀ █▄▀▄█ █▄█ ▀▄█▄█ █ █▄▀ █▄▀▄█ █▄▄▄▄▄▄▄█
█▄▄██▄ ▄█████▄▀▄▀█ ▄█ ▀▀▄▀█▄▄▄  ▄ ▄██ █ ▀▀  ▀▄▀█▀ █▀ █▄  ▄█
█▀▀ ▄▀▀▄█▀▀▄█ ▄ ▄▄▄█▀▀▀█ ▀▀▄▀▄█▀█▀▄  █ ███ ▄ ▀▄██▄█▀██▄▄▄██
█▀█  █ ▄█▀▀▀▄ ▀▀▄▄▀ ▄▀▄▄▀▀▄ ▄▀▀██ ▀█ ▄█ ▀█  ▄▄ ▄▀▀█ ██▀ ▄▀█
███▀██▄▄█  █▀█ █▀█▀█▄▄█▄██▀█   █▀  █▄▀ ▄█   ▄▄ █ ▄▀█████ ▀█
█  ▄▄▄█▄█▄▄▄▄▀▀▄ ▄  ▄▀▄█    ▄ ▄   ▄█  █▀ ▀▄ █  ▄▀▀█ ▄▀█ ▀▀█
█▀▀▄▄ █▄█▄█▀▄▀▀█▀▄ █▀█▄██▄▀███▀ ▄▄▀▀ ██  ▄▄ ▄▀▄██▄█▄ █▀█▄██
█▄ ▀▄▀▄▄ ▄█   ▄ ▀▀▄▄▀ ▀▀▀▄█▄█▀  █▄ ▄  ▄▀ █▀▀▄ ▀█▄▀▄▀▄▀ █▄██
█▄▄█▀ █▄▄█ █▄▄  ▄█▄▄▄█ ▄▄ ▀ █▄▀███▄▄▄▀▄▄▀▄▄ ███  ▀█ ▀▄▄█▀██
██▀ ▀▄▄▄▄▄▄▄ █▄▄▀▄   ▀ ▀▀▀▄ ▀█  ▀█▀ ▀  ▀██ ▀█ ▀▄▀ █▀▄█▄ ███
█▀▄▄▀ ▄▄▄  ▀▄ █▀ ▀▀  ▀▄ ▄█▀ ▄▄▄   ▄▄▄▀▄▄█ ▄▄▄▀█▄█ ▄▄▄ ▄██▀█
█ ▀▀▄ █▄█ ▀▀▄▄██▀▄▄▀▄▀▀█▀▀▄ █▄█ ▀▄▀█ ▄▄  ▀▀▀▀  ▄▄ █▄█ ▀▄ ▀█
█▀▀█ ▄ ▄▄ ▀▄█▀█▀ ▄ ▄ ▀▀▀█ ▀  ▄  ▄ ███▀███▀ ▀ ██ ▀   ▄ ▄▄▄██
█▀▄▀█ ▄▄ ███▀▄█▀▄▄▄ █▀▄▀▀▀▀▀▀█▀ █ ▄█▄▄█  ▀ ▀█ ▀█▀▀█▀▀▄▀ █▄█
█▄█ ▀█▄▄▄▀▄▄▀▀  █ ▀▀▀▄█▄▀██▄█ ▄█▀▀ ▀▄▀█▄▄██▄▄▀  ▀ ▄▀▀▄ ▄█▀█
██ ▀▄▄▀▄  █▄███ ▄█▄ ▄▄▄█▄  ▀▄██▀▄ ▀▄█▄█ ▄█▀▀█▄ ▄█  ▀ ▄▄█▀██
█ ▄ ▄▀▄▄ ▄▄██▀ █▀ ▀█▀ ▄▀▀█▄▄▀ █▀▀▄▀ █▀▀▄▄▄▄█▄  ▄█▄▄██▄██▄▄█
█   ▄██▄ ▀ █▄ █▀▀█▄▄▀▀▄▀ ▀ ▄▀▄█▀▄ ▄██ █▀▀▀  ▀▄██▀▀▀ ▄▄▀▀▄ █
█ ▄ ▀▀ ▄▄█▄▀▀ █▀▀▄▄█  ▀█▄█▀▀▄▀▄▀██▀  ▄▀█▀▀▄▄█▄ ▀█  ▀███▄▄██
█▄▀█▀██▄▄███ ▄▄  █▀ ▄ ▄▄█▀   █ ▄▀▄▀█▄ ▄ ▄█▀▀█  ▄▀▄▀▄ █ ▄ ▀█
█ ▀ ▀▀▄▄ █▀▀ ▀█▄█ ▄█▄  ▄▀██▄█▀▄▀▀▀▄█▄ ▄▄▀▄██▄█  ▄█▄▀█▄█▄▄▀█
███████▄█  ▄ ▀   █  █▀▄▀▀▀▄ ▄▄▄ █ ▀█▄▄█▀▀█ ▀█ ▀▄█ ▄▄▄ █ ▀ █
█ ▄▄▄▄▄ █▀▀▀ █▀█▀▄ ▄▀▀█▄▀ ▄ █▄█  ▀  ▀▀▄██▄█▀▄██   █▄█ █▄▄██
█ █   █ █▄▀ ▀██▀▀▀▄▄▀ ▄█▀▄█ ▄  ▄█▄ █  █▀██  █ ▀▄█ ▄▄  ▀  ▀█
█ █▄▄▄█ █▀██ █▀▀▄█▀█▄█▄▀▄  ▀▀▄▄ ▄▄█▄▄█▄  ▄█▀▀▄ █▀█ █▀ ▄▄███
█▄▄▄▄▄▄▄█▄██████▄█▄▄▄█▄█▄██▄▄██▄███▄▄▄▄▄▄█▄▄█▄▄▄▄█▄█▄██▄█▄█


[36mScan to link (Settings → Linked Devices → Link a Device):[0m
▄▄▄▄▄▄▄▄▄▄▄▄▄▄▄▄▄▄▄▄▄▄▄▄▄▄▄▄▄▄▄▄▄▄▄▄▄▄▄▄▄▄▄▄▄▄▄▄▄▄▄▄▄▄▄▄▄▄▄
█ ▄▄▄▄▄ █▀▄ ███▄  ▄▀  █▄  ▀ ▄ ▄▄ ▄▄ █  ▄▄ ▄ ▄ █▄ ██ ▄▄▄▄▄ █
█ █   █ █▄▀██ ██▄▄ ▄▀█▄█████ ██▄█▄▀ ▄█▀███▀ █▄▀▄ ██ █   █ █
█ █▄▄▄█ █ ▀ ▀  ▄██▄█▀██▄▀▄  ▄▄▄ █  ▀▄▄█▄▀█▄ █▄ ▀▄██ █▄▄▄█ █
█▄▄▄▄▄▄▄█ █▄█ ▀ ▀ ▀ ▀ █▄▀▄█ █▄█ ▀▄█▄█ █ █▄▀ █▄▀▄█ █▄▄▄▄▄▄▄█
█ ▄▀ ▀█▄ █▀█▄█ ▀█▄█ ▄██ ▀█ ▄ ▄▄▄██ ▄ ▄▄██ █▄ ▀█▄█▄▀▄▄▄▀▄ ▀█
█ ▄███▄▄▀█▄▄ ▀▀██▀▀▄▄▄  █ █▀ ▀   ▄███▄█▄▄ █▀█▄▀ ▄▄▀█▀▀▀█▀ █
██ ▄▄ ▄▄▄▄ ▀ ▄▄█ ▀█▄▀█ ▀██▀█▄▄█▀ ▄ ▀▄  ██ █▄▀ █▀▄█ ▄▄▄▀ ▀██
█████▀▄▄▀▀▀▀▀▄▄█ ▀▄▄ ▄█▀█▄██▀▄▄ █ ▄█  ▀█     ▄█▄ ███▄▀▄█▄▀█
█▀▀  ▄█▄█▄ ▄▄█▀▄▄▄▀ ▄▀█▀▀█    █▄   █▄ ▄  █ ▄▀ ▄▄▀██  ▀▄▄███
█ █▄▄▄ ▄██▄▀█ ▀▄▄ ▀▄ ▀██ ▄▀▄▄█ ▀▄▀ ▀▄ █ █▄▄ ▄ ▄█▄███▀█ ▄  █
██▄▄ ▀▄▄▀▀▀▀▀▄███ ▀  ██ ▄ ▄▀▀ █▄ ▀▄█▄▄█▄▄▄▄█▄██▄▀█ ▄  █▀█▀█
██▀  ▄█▄█▄▀█▀ ▄ █ ▀█▀ ▀▀▀▀▄█▄▀▄▄  █▀  ▀▀ ▀▀▀  ▄██ ▄▀ █▀▄▄ █
█▀▄▄█▀█▄ ▀ ▄█▀▀▀█▀▄▄██▄▄██▀▄█ ▄▄▄▀███▄██▀ ▄█ ▄█▀▄█▀█ ▄ ▄ ▀█
█  ▄  ▄▄▄ ▄▄▀▀█▄▀█▀▀▄▀█▄▄▄  ▄▄▄ ▄ ▀▄▄ ▄ ▄▄ █ ▀  ▄ ▄▄▄ ▄▄▀▀█
█▄▀▀  █▄█ ▀█▄ █▀█▄▄█▄▀██▀█▄ █▄█ ▀▄██  █▀▄▀▄▄▀ ▄▄  █▄█ ▀█ ▀█
██▀█▀  ▄▄▄ ▄▄ █ ▀▄█▄  ▀▄▄▀ ▄ ▄  ▄▀█▄▄  ▄▄█▄█  ▀▄  ▄▄  ▄▄▄▄█
█▄█▀ ▀▀▄▄▀▀▄▄ ▄▄█▄  ███ █▄ ▄▄█▄▄▄█ ▄▀  █ ▄ █▄█▄▄ ▀▄▄▀██▄▄██
█▀▀▄▀ ▀▄▄ █▀▄ ███▄▄ ▀▄▄▀▄▄ ▀██▀▄▄▄▀▄▀▄ ▀▄█ █ ▀▀▄▄▀▀▄ ▄██▀▄█
█▀▄█ ▀█▄█▄▀▀▄▀ ▄   ▄▀    ▄██   ▄  █▀▄▄ ▄▄▄██ ▄▄▀▀▄██▄▀ ▀▄ █
█▀  ██▄▄▄▄ ▀ █▀▀ ▄▀▄█ ██▀▄ ▄ ▄▄ ▄█ ▄█ █▄▄ ▄▄ ▀▀ ██ █▄ █▄ ▄█
█▄   █▀▄ ▀██▀▀█▀██▄ ▀▀ ▀ █ ▄█▄██▄  ██▄█▀█▀ ▄▀▄▀█▀███ ▄▀▀▄ █
█▀▄▀ █ ▄▄▄▀  ▀▀█ ▄█▄ ▀ ██▄█ █▀█ █▄  ▀██  ▀▀███▀█▄ ▄▄▄███▄▄█
█  ▀█▀▀▄██ ██ ▀▄▄▄▄▄██ █ █▀▀▄▄█  ▀██▀▄ █ ▄█▄▄█▄█▄▄ ▄█▄  ▀▄█
█ ▀ ▀▀▄▄▄█ ▄█  ▀▄█ ▀▀█▀█▄▄ █▄▄▀ ▄▄▄ ▀▀██ █ ▄▀ ███ █ ▄███▀▄█
███████▄█▀▄▀▄██▄▄▀   ▄  ▄█▀ ▄▄▄  ▄█ ▀▄ █ ▄▀▄▄ █▀█ ▄▄▄  █  █
█ ▄▄▄▄▄ █▄ █ ▄██   █ █▄ ▄█  █▄█ ▄▀▀▄ █ ▄▀▄█▀█▄█▄▄ █▄█ ██ ▀█
█ █   █ █▀█ ▄▄█▀█▀▄ ▀  █▀ █  ▄  ▄▄▄█  █▀▄▀ ▄█▄█▄▄▄▄▄▄▄▀▄  █
█ █▄▄▄█ █▀█▀ █▀▀██ ▄▄▄█▀█▀    █▀█▄▄▄█▄▄▀▀▄▄  █▀█ ▄ ▄ ▄███▄█
█▄▄▄▄▄▄▄█▄▄██▄▄▄▄▄█▄█▄▄▄██▄██▄▄▄▄▄███▄██▄▄█▄▄█▄████▄▄▄▄▄▄██


[36mScan to link (Settings → Linked Devices → Link a Device):[0m
▄▄▄▄▄▄▄▄▄▄▄▄▄▄▄▄▄▄▄▄▄▄▄▄▄▄▄▄▄▄▄▄▄▄▄▄▄▄▄▄▄▄▄▄▄▄▄▄▄▄▄▄▄▄▄▄▄▄▄
█ ▄▄▄▄▄ █▄▀███▄ ▄██  ▀  ▀▄▀█▀█▄▄ ▀▀▀██▄▀█ █ ▄▀ ▄ ██ ▄▄▄▄▄ █
█ █   █ █ ▀█▄▀ ██▄█▀▄▄▄█ ▀ █ █ ▀ █▀   ▄█ █▄█▀▄▀▄ ██ █   █ █
█ █▄▄▄█ █▄▀▄ █▀ ▀▀█▄ ▀▀  █▀ ▄▄▄  ▄▄██▄▄ ▄▀█▀█▀▄▀▄██ █▄▄▄█ █
█▄▄▄▄▄▄▄█▄█ █ ▀▄█▄▀ ▀▄▀ ▀▄█ █▄█ ▀ ▀ █ █▄▀ ▀ █ █ █ █▄▄▄▄▄▄▄█
█▄   ██▄▀ ▄▀ ▄█▀█▄ █▀██ ▄ █  ▄   █ ▄█▀▀██  ▀█▀█▄▀▀ ██ ▄ █ █
█▀█▀▀▀█▄█▄ ▀▄█ ▀▀█ ██ ▄▄▄▀ █▄█▀▀▀ ██▄█ ▄ ▄ ▄▄ ▀ █▀▀ ▄▄ ▄ ▄█
██ ▀ █▄▄▀▄▄▄ ▄▄ █▄█▄▀ █▄██  ███▀ ▀ █▄ ▀  ██▄▀█████ ▀▀██▄▀ █
█ █ █▀▀▄█▀▀▀▄▀▀█ ▀▀ █▄█▀ ▀ █ ▄▀█  ▄▄█▀▀▀    █▄ ▀▄█ ██▀▄▀▀▀█
██ █▀ ▄▄▄ ▄ █▄   ▀██ █ █ ▄▀▄▄▄ █▀▄▄ ▀▀▄█ ▀ █ ▄▄  ▄▄▄▄█▄▄▄██
█ █ █▀▄▄█ ▀▄█ ▀▀▀█▀▄▄▄  ▀█▀▀▀ ▀▀  █▄█ ▄▄▀█▄▀▄ ▀ ▄██ ▄  ▄ ▀█
█ ▄▄  ▀▄▄▀▀▀▄  ██ ▄████ ▀█▀▀▀  ▀▀█▄██▀ ▄  ▀ ███▄▄ ▄▄   ▄  █
█▄ ▄▄▄█▄ ▄▄▀▀▄▄ ▀▄ ▄ ▄██  █▀ ███ ▄▀█ ▀ ██▄  ▀▄ ▀▄▀▄█▄█ ██▄█
█▀▄▀ █▀▄█▀▀█ ▄▀▄ ▄▄▄█ ▀▀███▀ █▄▄▄▄  █▄█ ▄█▄█ ▀ ▄██ ▀▀▀ ▄ ▄█
███▄  ▄▄▄  █▄▄▄▀▀█▄▄▀▀█▄▀▀█ ▄▄▄ ▀ ▀▄▀██▄▄▄▀ █▀▄▄▄ ▄▄▄ ▀▀▄▀█
██  ▄ █▄█  ▄█▀▄█▀ █▄██▀▀ ▄█ █▄█    ▀▀▀██ █▀█ ▄ ▀  █▄█ █▀▀██
█▄█▀█▄ ▄  █▀▄ ██▄▀█▄ █▀▀▄▀  ▄   ▄▄▀▀▄▄  █ █▄▄▀▀▄▄▄  ▄ ▄█▄▀█
█ █▀▀▀▄▄▄█▀▄▀█▀▄█▄▄█ ▄ ▄▄ █▄██▀▀▀█ ▄▄█▀█    ▀▀▄▄█▀▀▄ █  ▀▀█
██▄▀ ▄ ▄▀█▀██▀▄▀▄ █▀ █ █▄▄▀██▄ █▀▄█ ▀▀▀██ ▀▄▄▀█▀▄   ▄▀▄▄▀▄█
█ █ █▄█▄█▀▄▄█  ▀██ ▄▀███ ▄█ ██▀█▄█ ▄▀▄ ▀▀▀██▀▀▀▄▀▄█ ▀▄ ▀▄██
█▄█ ██▀▄▀▄  ▄▀▀▀ ▄▄▀  ██▄▀█▄ ▄▄█ ▄ ▄ █ ▄▄ ▀▀▄ ▀   ██▄  ▀█▄█
██▀▄▄ ▄▄▀█▀▄▀  ▀▀▀█▀ █▄█▀▄▀ ▀ ▄▄█▄▄▀▄█▄█▀█▀█  █▀ ▄▀█▄ ▄▄█▄█
█▀▄▄█▄▀▄▄▀ █▄▀█▀█▀█▄ ▄█ █▄▀█ ▄█ █▀█▀▀██▀█▄███ ▄▄▄ ▀█▀ ▄▄▄▀█
████▀█▀▄█ ▄  █ ▀▄▄▀▀ █ ██ █▄▄▄ ██▀█▄▄▀ ▄ ▄▀ ▀█▄▄██▄▀▀███▄▄█
█ ▀ ▀▀▄▄██▄ ▄▀▀█ ▀█▀ ▀ ▀██▀█   ▀█ ▀▄  ▀▀▄▀▄▄ ▄▄  ▄▄▄█▀▀█  █
███████▄█▀▀▄▄██▀ ▄▄ ▄ █▀██▀ ▄▄▄  ▀ █▄▄█ █▀██ ████ ▄▄▄  ▄ ▀█
█ ▄▄▄▄▄ ██ ██▀ █▀▄█ ▀ ▄ ███ █▄█ ██▀▄▀ █▄▄  █▀▀▄█▄ █▄█   ▀██
█ █   █ █▀▀▄▀█▄█▀██▀ ▄▄▀ ▀▄▄ ▄  ▄▄ ▀██▄█▄▀▀██▄▀ ▄▄▄    █▀▄█
█ █▄▄▄█ █ ▀ █▀█    ▄▄▀ ▄█▀ █▀██▀█ ▀▀██▄▄█ ▄ ▀ ▄  ▄ ▀█████▀█
█▄▄▄▄▄▄▄█▄████▄▄▄▄▄█▄▄▄▄▄▄███▄███▄██▄█▄█▄▄▄███▄█▄▄▄▄▄██████


[36mScan to link (Settings → Linked Devices → Link a Device):[0m
▄▄▄▄▄▄▄▄▄▄▄▄▄▄▄▄▄▄▄▄▄▄▄▄▄▄▄▄▄▄▄▄▄▄▄▄▄▄▄▄▄▄▄▄▄▄▄▄▄▄▄▄▄▄▄▄▄▄▄
█ ▄▄▄▄▄ █▀▄ ██▄█▄ ▄▀▀ ▄██ ▀ ▄ ▄▄ ▄   ▄▄▄█▀  ███▄ ██ ▄▄▄▄▄ █
█ █   █ █▄▀██ ████ ▄▀▄▄█▄▄██ ██▄██▀ ▄▄▀███▀ ▄█▀▄ ██ █   █ █
█ █▄▄▄█ █ █▄▄  ▄██▄█▀██▄▀▄  ▄▄▄ ▀█ ▀▄ █▄█▄▄ █▀ ▀▄██ █▄▄▄█ █
█▄▄▄▄▄▄▄█ █▄▀ ▀ ▀ ▀ ▀ █▄▀▄█ █▄█ ▀▄█▄█ █ █▄▀ █▄▀▄█ █▄▄▄▄▄▄▄█
█ ▄▀ ▀█▄▄█▀▀   ▀█▄█ ▄██ ▀█▄▄ ▄▄▄██ ▄ ▄▄██ █▄ ▀█▄█▄█▄▄ ▀▄ ▀█
█ ▄████▄ ▄ ▄ █▀██▀▀▄▄▄  █  ▀▄▀   ▄███▄▀▄▄ █▀█▄█▄▄█ ▄▀ ▀█▀ █
██ ▄▄ ▄▄█▄ █ ▄▄█ ▀█▄▀█ ▀██ ██ █▀ ▄▀▀▄ ▀▄█ █▄▀ ▄▀█▄ ▄  ▀ ▀██
█▀ ▄ ▀▄▄▀ ▀▀▀▄▄█ ▀▀▄ ▄ ▄█▄██▀▄▄ █ ▀█ ▄ █  ██▄ ▀▀▀▄███▀▀█▄▀█
██   ▄█▄█▄ ▄▄█▀▄▄█ ▄ ▀ ▀▄█    ▄█   █ ▄█  █▀██ ▀▄▀██  ▀▄█▀▀█
█▄▀▄ ▄▄▄██▄▀█ ▀▄▀█▀▄▀███ ▀▀▄▄█ ▀▄▀ ▀▀▄▄ █ █▀  ▄█▄█▀▀▀█ ▄ ▄█
█ ▀▄   ▄▀▀▀▀  ███ ▀  ██ ▄ ▄▀▀ █▄▄▀▄█▀ █▄▄ ▄█ ▀█▄▀█▄█  █▀█ █
██▀  ▀▀▄▀▄█▄ ▀█▀█ ▀█▀ ▀▀▀▀▄█▄▀▄▄▀ █▀▀▀▀▀▀▀▀▀  ▄██    ▀▀▄▄ █
█▀▄▄█ ▀▄▀▄█ █▀█▀█▀▄▄██▄▄███▄█ ▄▄▄▀███▄██▀ ▄█ ▄█▀ █ ██▄ ▄ ▀█
█  ▄  ▄▄▄ ▀█ ▄▀▄▀█▀▀▄▀█▄▄▄  ▄▄▄ ▄ ▀ ▄ ▄▄▄▄▄█ ▀▄▄▄ ▄▄▄ ▄▄▀▀█
█▄▀██ █▄█   ▄ ▀▀█▄▄█▄▀██▀█▄ █▄█ ▀▄▄▄  ▄ ▄▀ ▄▀ ▄▄▄ █▄█ ▀█ ▀█
█▄▄█▄  ▄   ▄▄ █ ▀▄▀▄  █▀▄▀▀▄ ▄  ▄▀▄▄▄ █▀▄▀▄█  █▀▄▄▄▄▄ ▄█▄▄█
█ ▀▄▀▀▀▄ ▀▀▄▄ ▄▄█▄  █▄   █ ▄▄█▄▄▄█ ▄ ▄██▄▄▀▄ █ █▄▀▄▄ ██▄▄██
█ ▀▀▀ ▀▄▀██▀▄ ███ ▄ ▀█▄▀█▄ ▀▀ ▀▄▄▄▀▄█ ▀▀██ ██▀ ▄▄▀▀▄ ████▄█
█  █ ▀█▄█▄▀▀ ▀ ▄   ▄▀    ▄██  ▄   █▀▄  ▄▄▄██  ▄▀▀▄██▄▀ ▀█ █
█▀  ██▄▄▄▄█ ▀▀▀  ▄▀▄█ ██▀▄ ▄ ▄█ ██ ▄▄▀█▄▄▀▄▄▀▀▀ ██ █▄ █▄ ▄█
█▄     ▄ ▀▄▀ ▄█▄██▄ ▀▀ ▀ █ ▄█▄██▄  ██▄█▀█▀ ▄▀▄▀█▀█▄█ ▄██▄ █
█▀▄▀  █▄▄▄█▀█▀▄▄ ▄█▄ ▀ ██▄█ █▀█ █▄▄ ▀█▀  ▀▀▀██▀▀▄ ▄ ▄█▄▄▄▄█
█  ▀█  ▄▀ ▄▀█ ▀▄▄▄▄▄██ █ █ █▄▄█  ▀▄█▀▄▄▄ ▄█▄▄█ █▄▀ ███  ▀▄█
█ ▀ ▀▀▄▄ █ ▄█  ▀▄█ ▀▀█▄ ▄▄ ▀▄▄▀ ▄▄█ ▀▀ █▄▀▀█▀▄ ▄▄  ▄ ▀█▄▀▄█
███████▄█▀▄▀▄██▄█▀ ▄▀▄▄  █▀ ▄▄▄  ▄█ ▀▄▀▄▄▄▄▄▄ ▀▀█ ▄▄▄  █▄▄█
█ ▄▄▄▄▄ █▄ █ ▄██▀█ █▀▀▄  █  █▄█ ▄█▀▄▀▀▀▄ █▄ █▀▄██ █▄█ ██▄▀█
█ █   █ █▀█ ▀▀█▀█▀▄ ▀  █▀ █ ▄▄  ▀▄▄██ █▀▄█ ▄▄ █▄▄▄▄▄▄▄▀▄▀ █
█ █▄▄▄█ █▀ █▀█▄▄██ ▄▄▄█▀█▀   ▄█▀██▄▄█▄▄▀▀▄▄  ▄▀█ ▄ ▄▄▄███▄█
█▄▄▄▄▄▄▄█▄██▄▄█▄▄▄█▄█▄▄▄██▄███▄▄▄▄███▄██▄▄█▄▄█▄████▄▄█▄▄▄██

(reconnecting, code 408)

[36mScan to link (Settings → Linked Devices → Link a Device):[0m
▄▄▄▄▄▄▄▄▄▄▄▄▄▄▄▄▄▄▄▄▄▄▄▄▄▄▄▄▄▄▄▄▄▄▄▄▄▄▄▄▄▄▄▄▄▄▄▄▄▄▄▄▄▄▄▄▄▄▄
█ ▄▄▄▄▄ █  ▄█▄  ▄▀█ ▀▄▀   ▀  ▄   ▀▄█▀▀█ ██▄▄▄ ▀▄ ██ ▄▄▄▄▄ █
█ █   █ █ ▀ ▀█ █▄▀▄▄██▀▀██▀█▄▀▄  ██ ██▄ ▄▀▀▀ █ ▄ ██ █   █ █
█ █▄▄▄█ █▀ ▀▀█  ▀█▀▀▀██ ▀   ▄▄▄ ▀█▄▀█▀▀ ▀▀▄▄▀▄▄▀▄██ █▄▄▄█ █
█▄▄▄▄▄▄▄█▄▀▄█ ▀ ▀ ▀ ▀ █ ▀▄█ █▄█ ▀▄█▄█ █▄▀▄█ █▄█▄█ █▄▄▄▄▄▄▄█
█▄ █▀  ▄▀▀ ▀█ ▄▄▄▄ ▄█▀▄▀  ▀  ▄  ▄ ▄█▀ █▀▄█  █ ▀▄▀▀█▀▄█▄  ▄█
███  █ ▄██▄▄█▀▄ █▀▄█▀▀▀████▄▀ ▄ █▀▄  █▀ ▀▀█▄▀  ███▄▄  ▄▄▄▀█
█▄ █ ▀█▄▄▀▀▄▄▀▀▀▀█▀ ▄▀▄▄▀ █▀ █▀██▄█▄ ▄█▀ ▀ ▀ ▄ █ ▀█▀▄██ ▄▀█
█ ▀█  ▀▄▀▀█ ▀  █ ▀▄█▄▄ ▄▀█ █▀ ▄██▄▀▀▄ ▀██   ▄▀▄▄▄█▀▄▄▄██▄██
█▀ █▄ ▄▄▄█▄▀▄██▄▀█  █  █ ▀ ▄▄ ▀ █ ▄██▄█▀ ▀ ▀▀▄ ▄▀ █▀██▄▄███
█   ▄ █▄▀▄█▄  ▀█ ██▄ ▀██▀█ ██▀▀██ ▀▀▄▄▀▀▀ ██▄▀▄▄▄▄█▀  ▄▄▀██
█ ▄█  ▄▄▀▄▄▀▄█▄ ▀▀ ▄▀ ▄▀▀▄█▄▄▀ ▀  ▀▄▄ █  █ ▀█▄▀█▄▀█ ▄▀▄▄▄██
█▄▀█▄▄▄▄▄▀▀ ▄█▀ ▄█▄▄▄█▄█▄ ▀ █ ▄▀█▄█▄▄▄█ ▀  ▀▄▀ ████▀▄██▄▀██
██████ ▄ █▀      ▄▄▄ ▀ ▀  ▄ ▄█ ▀▀█▀ ▄ █▀▄█  █▄ ▄▄▀▄ ▀▀█ ▀██
█ ▄   ▄▄▄  █  ▀▄ ▄▀  ▀▄ █▄  ▄▄▄ ▄▄ ▄  ▀▄ ▄██ ▀ █▀ ▄▄▄ ▄█ ██
█ ▄ █ █▄█ █▀██▀ ▀█▄▀▄ ▀█▀ ▄ █▄█ █▄▀█▀ ▄  ▀  ▄▄▀▄  █▄█ ██▀ █
█ ▀█▄ ▄▄ ▄█▄██▄  ▀▄▀█ ▄▄       ▄█▀▄█▀ ▄ ▄█▀█▀▀▄▄█▄    ▄█ ██
███  ▄ ▄█   ▀█ ▄ █▀▄▄ ▄▀▄▀▀▀▀█▀ ▀▄▄█▄ ▄ █▀█ █ ▀▄▀ █▄ ██▀▄▀█
█▄▄▄▄▄▄▄██▄ ▄▄█  ▄▄▀▄█▄█ ▄▀▄▀█▄█▀  █ ▀ ▄█ █ █▄▀ ▄▄ ▀▀▄██ ██
██▄█▀ ▀▄▄ █ ▄█▀▄▄█▄ ▄▄ █▄  ▄▄████▄▀█  █▀ ▀  ▀  ███▀▄ ▄▀  ██
█▀▄▄█ █▄▀ ▄▀▄▄▀▀▀ ▀█▀  █▀█▄ ▀ ▀█ █▀ ▄  ████▄▀ ▄▀ ▀▄██ █▄▄▄█
█ ▀▄ ▀ ▄▄██▀█   ▀▄▄ ▀▀▀▀▄▀ ▄ ▄ █▄ ▄██▄█▀ ▀  ▄▄▀▄█▀▀  ███  █
█▄▄ █▄█▄ █▀ ▄█  ▀ ▄██▀▀████▀  ██▀█▀▄▀█▄▄ ▀ ▀▄█▀█▀▀ █▀██▄▄▀█
██ █  █▄▀▄▀▄ ▄▄▄ █▀ █▀▄▄ ▀▀  ▄▀▄▀  ▄▄ ▄  ██▀▀▄███▀ █ ▄█▄█▄█
█ ▀ ▀▀▄▄▀  █  ▄ ▄▀ ▀▄ ▀█  ▄▄▄▀▄▀ ▄████▄██ █▄▄▄▄▀▀ ▄██▀▄█▄██
███████▄█ █   ▄█▄▄▄ █ ▀▀ ▀█ ▄▄▄ ▀ ▀█▄ ▀  █▀ ▀ ▀▄▀ ▄▄▄ ▄█▄██
█ ▄▄▄▄▄ █▀  ▀▀▄█▄ █ ▄█▄▄█ █ █▄█ ▄▀▀▀▀█▄▄▀ ▀ ▀▀██  █▄█ ▀▄▄██
█ █   █ █▄█▀▀██ ▀▀ ▄▀ ▄▀▀▄█▄▄  ▄█  ▄▄▄█ ▄█▀ █▄▀█ ▄▄ ▄ ██ ▀█
█ █▄▄▄█ █▀▀▄▀▀  ▄█▀▀▄█▄▄▄ █▀█▄▄ █▄▄▄▄ ██ ▄  ▀ ▄▀█▀ ▄▀ ▄████
█▄▄▄▄▄▄▄█▄█▄▄███▄▄▄▄████▄██▄███▄███▄█▄█▄▄████▄█▄█▄██▄▄▄▄█▄█


[36mScan to link (Settings → Linked Devices → Link a Device):[0m
▄▄▄▄▄▄▄▄▄▄▄▄▄▄▄▄▄▄▄▄▄▄▄▄▄▄▄▄▄▄▄▄▄▄▄▄▄▄▄▄▄▄▄▄▄▄▄▄▄▄▄▄▄▄▄▄▄▄▄
█ ▄▄▄▄▄ █▀█▄█▄▄▄▀▀█ ▄██ ▀ ▄██▄  █▄▀███▀▀ ▀▄▄  ▄▄ ██ ▄▄▄▄▄ █
█ █   █ █▀▀█▄  █▄█▀▀█▄▀▄▀ ▀█▄▄▀██▄██ ▀▄ ▄█▄▄▀▄ ▄ ██ █   █ █
█ █▄▄▄█ █▀█▀█▄██▄█▀▀▄   ▀ █ ▄▄▄  █▀▀  ▄█▀▄▄▄█▄▀▀▄██ █▄▄▄█ █
█▄▄▄▄▄▄▄█▄█ ▀▄▀ ▀▄█▄▀ █▄█ █ █▄█ ▀▄█ ▀▄█▄▀ ▀▄█▄█ ▀▄█▄▄▄▄▄▄▄█
█▄▄ ▄ ▀▄  ▄ ▀ ▀▀▀▄ ▄ ▄▀▀    ▄▄  ▀█▀█▀  ▄▀█   █▄▄  ▄█ █▄▀▄▀█
█ █   █▄ ▄█▄ ▄▄ █▄▀ ▀▀▀   ▄▄▀▀▀██▀ ▀█ █▄▀▄ ▀▀ ▄▄ ▄▄▄ ▄▀▀▄▀█
█▄█▀▀▀█▄ ▄ █▄▀▄▄▄█▀ ▀▄▀▄▀  ▄▄█▀█ ▀▄█ ▄▀▄█▀▀▀█▀ ▄▄▀ ▄█▀█ ▀▄█
█▄▄ ▄█▄▄▀ ██▄█ █ ▄ █▄▄██▄  █ ▄▀▄█▄ ▄█▀ █▀██ ▄▀ ▄▀ ▀▄▄  ▀▄██
██▀ ▄ ▄▄▀ ▀▀▄█ ▀▄█ ▄▀█▀█  █▀▀  ▀ █▀█▄ █▄█▀ ▀ █▄▄▀  ▄ █▄▄  █
█▀▄▀▄█ ▄▀▄█▀██▀██▄ ▀▀▀█  ▀ ██▄█▀▀ ▀▄▀█  █▀  ▀▄█ ▀▀██ █▀▀ ▀█
███ ██▀▄▄▀▀▀▀█▀█▄▀ ▄▄█▀▀▀▄ ▀▀▀ ▀ ▀▄▄▀▄ █ ▀ ▀▄▀▄█▄▀ ▄▀▀▄▄▀▀█
█▀▀█▄▄▄▄▄█▀ ▀▀▀▀▄ ▀▀▄█▄ ▀█▀ ██▀▄█▄█▀  █ ▀██▄▄     ██▄  ▀▀██
██   █ ▄▄█ ██ █▀█▄▄▄█▄█▀  ██▀█ ▀▄ ▄ ▄  ▄▀█   ▀█▄▀▀ █▀██ ▄ █
██▄   ▄▄▄ █▄▄▀▄▀ ▀▄█ ▀▄█ ▀  ▄▄▄ ▄▄▄████▄ ▀▄  ▀  ▀ ▄▄▄ █  ██
█ ▀ ▀ █▄█  ▄████▄█▄▀▀█▄█▀ █ █▄█  ▀▄▄▀  ██▀ ▀▀▀█▄█ █▄█ ▄▀▄██
█▀█▀█ ▄▄ ▄█▀  ▄  ▄▀▀█ ▀▀██   ▄▄ █▀▄  ██▀  ▄ █▀ ▀▀▄▄▄▄▄▀  ██
█▄█▄█▄ ▄▀▀█ ▀██▀▄█▄▄▀██▀▄▀▄▄▄▄▀ ▄▀▀██ ▀█▀▀ ▀ ▀███  ▀▄██▀█ █
█  ▀█▀▀▄▄▄▄█▀▀█  ▄▀▄▄▀▄  ▀▀▄ ▄▀ █▄  ▄ ▀█▄▀ ▄▄ ▀▄▀▀ ▀▀█   ██
█ █ ▄ ▀▄▀█  ██▄▀▀█▄ ▀▀██▄ █▀▀█▄█▄▀▄█▄▄ ▄ █   █████▄▀█▄▀ █▀█
█▄▄▄██ ▄▀ █▄    ▀█▄ ▀   ▄ ▄ ▀██▄ █▀█ ▄ ██▀ ▀▀ ▄▄█▄▄███ ▀▄▄█
█ ▄▀█ ▄▄▀ ▄▀▄  ▄▄▄▄ ▄▄▄▀▄▀█▀█▄ █▀█▀██▄ ▄█▀  ▀▀▄▄█▀▀ ███████
█▀▄ █▀▀▄ █▀█▀  ▀▀█▀ █▀▀   █▀ █  ▀█▀█▄    ▄█ ▄█▀▄▄█▀▀▀   ▄▀█
███▀█  ▄ ▄▀█ ▄▄███▀  ▄▀▄ ▀█▀█▄▀▄▄██▄▄ ▀███▀▀▄▀███ ▀▄█▄▀▄ ▀█
█ ▀ ▀▀▄▄█▀  ██▄ ▄▄ ▀▄  ▀██▄▄▄▄▀▄ ▄▄ ▄▄ ████ ▄ █▄▄█ █▄▄▀▀▄██
███████▄▄     ▀ ▄▄  ▀▄▀█    ▄▄▄ ▄█▄█ ▄ ▄▀▀▄▀▄▀▄█▀ ▄▄▄ █▄▀ █
█ ▄▄▄▄▄ █▄ █▄▄▄██▄ █ ▀▄▀▄██ █▄█  ▀▀▄▀▄███▀▄█ ▀▄ ▀ █▄█ ▄▀ ██
█ █   █ █  ▀▄▀ █▄▀ ▄▄█▀▀▀▄  ▄  ▄▄██▄▀  █▀▀▀  █▄█▀▄ ▄▄▄███▄█
█ █▄▄▄█ █ ▀▀▀▄▄▀▄ ▄▄▄█▄▀▀██▀▄▀▀██▄▄▀▀███ ▀██ ▀▄▄ ▄ ▄▀█▀ ███
█▄▄▄▄▄▄▄█▄█▄▄█▄▄█▄▄▄▄▄▄█▄█▄██▄█▄▄▄▄▄█▄▄█████▄█▄▄█▄▄▄██▄▄▄██


[36mScan to link (Settings → Linked Devices → Link a Device):[0m
▄▄▄▄▄▄▄▄▄▄▄▄▄▄▄▄▄▄▄▄▄▄▄▄▄▄▄▄▄▄▄▄▄▄▄▄▄▄▄▄▄▄▄▄▄▄▄▄▄▄▄▄▄▄▄▄▄▄▄
█ ▄▄▄▄▄ █▀█▄█▄█▄█▀█  ▀█ █ ▄██▄  █▄▀▀██▀▀▄▄█▄▄▄▄▄ ██ ▄▄▄▄▄ █
█ █   █ █▀▀█▄  █▄▄▀▀█▄▀▄▀ ▀█▄▄▀█ ▄██▄▀▄ ▀▄▄▄▀█ ▄ ██ █   █ █
█ █▄▄▄█ █▀▀▀▄ ██▄█▀▀▄   ▀ █ ▄▄▄ ▄▄▀▀▄ ▄██▄▄▄█▄▀▀▄██ █▄▄▄█ █
█▄▄▄▄▄▄▄█▄▀▄█▄▀ ▀▄█▄▀ █▄█ █ █▄█ ▀▄█ ▀▄█▄▀ ▀▄█▄█ ▀▄█▄▄▄▄▄▄▄█
█▄▄ ▄▄█▄ ▄▄  █▀▀▀▄ ▄ ▄▀▀    ▄▄  ▀█▀█▀  ▄▀█   █▄▄▀ ▄█▄▀▄▀▄▀█
█ █   █▄   ▀▀ ▄ █▄▀ ▀▀▀    ▄▀█▀██▀ ██ ▀▄▀▄ ▀▀   █▀▄▄▄█▀▀▄▀█
█▄██ ▀█▄▄▀▄█▄▀▄▄▄█▀ ▀▄▀▄▀ ▀██▀▀█ ▀▄█ ▄ ▄█▀  █▀▀█▀▀ ▄▀█▀▄▀▄█
██▀█▀█▄▄▀ ██▄█ █ ▄█▄▄▄██▄  █▀█▀ █▄█▄█▀▄▄▀█ ▄ ██▄▀▀▀▄█  ▀▄██
█  █▀ ▄▄▀ ▀▀▄█ ▀▄█▄ ▀▄ ▀  █▀▀    █▀▄ ▄ █▀▀ ▀ █▄▄▀  ▄ ██▄▄▄█
█ ▄ ██▄▄▀▄█▀██▀██▄ ▀█▀█ ▀▀ ██▄█▀▀ ▀▄ █▀ ▄ ▀▀ █▄▀▀▀██ █▀▀ ▀█
██▄ █ █▄▄▀▀▀▀█▀█▄▀ ▄▄█▀▀▀▄ ▀▀▀ ▀▀█▄▄ ▄ █▄▀ ▀ █▄█▄▀ █▀▀▄▄▀ █
█▀▀█▄ █▄ █▄ █ █ ▄ ▀▀▄█▄ ▀█▀ ██▀▄▄██▀▀ █  ██▄▄▀    ▄▀▄  ▀▀██
██   ▀▀▄ ▄▄▄ █  █▄▄▄█▄█▀  ▀▀▀█ ▀▄ ▄ ▄  ▄▀█   ▀█▄▀▀▄██▀█ ▄ █
██▄   ▄▄▄ ▄  █▀  ▀▄█ ▀▄█ ▀▀ ▄▄▄ ▄▄ ███▀▄ ▀▄▄ ▀ ▄▀ ▄▄▄ ▀  ██
█ ▀▀▀ █▄█ ▄ ██▄ ▄█▄▀▀█▄█▀ █ █▄█  ▀██▀ ▀▄█▀▀▀▀▀█▄▄ █▄█  ▀▄██
█▄█▀▄ ▄▄  █▀  ▄  ▄  █ █ ██   ▄▄ █▀█ ▄██ ▄   █▀█  ▄    ▀  ██
█▄▄▀ ▄ ▄▀▀█ ▀██▀██   ▄█▀ ▀▄▄▄█▀ ▄▀▀██  ██▀▀▀ ██▄▀▄ ▀▄██ █ █
█ ▄█▄▀▀▄█▄▄█▀▀█ █ ▀▄▄█▄ ██▀▄█▀▀ ▀   ▀█ ▄▄▀▀█▀  ▄▀▀ ▀██  █▀█
█▀▀ ▄ ▀▄▀█  ▀▄▄▀▀█▄ ▀▀██▄ █▀▀█ ▄ █▄█   ▄ ▀  ██████▄▀█▄▀ █▀█
█▄▄▄██ ▄▀  █▀▀█▀▀█▄ ▀   ▄ ▄ ▀█  ▀█▀█ ▄ ██▀ ▀ ▀▄▄█▄▄███ ▀▄▄█
█ ▄▀█  ▄▀ █ ▄▀█▀▄▄▄ ▄▄▄▀▄▀█▀█▄ █▀█▀██▄ ▄█▀  ▀▀▄▄█▀▄▀██▀▀███
█▀▄ █ █▄ █ █ ▄█▀▀█▀ █▀▀   █▀ █  ▀███▄ ▄  ▄█▄▄█▀▄ █▄▀▀  ▀▄▀█
███   █▄▀ █▄ ▄▀▄██▀  ▄▀▄ ▀█▀█▄▀▄▄█▄▄▄  ███▀ ▄▀▄▄▀█▀▀▄▄▀▀ ▀█
█ ▀ ▀▀▄▄▄▀  ██▄ ▄▄▀ ▄  ▀███ ▄▄▀▄ ▄▄  ▄█ ██▀█ ▄█▀ █▄█▀▄█▀▄██
███████▄▄     ▀ ▄▄   ▄▄▀▀   ▄▄▄ ▄█▄█ ▄▀▄███▀▄▀█▄▀ ▄▄▄ ▄██▄█
█ ▄▄▄▄▄ █▄ █▄▄▄█   ██▀▄▀█▀█ █▄█ ▄▀▀▄█▄█▄ █▄█ ▀▄▀█ █▄█ ▄▀ ██
█ █   █ █  ▀▀  █▄▀ ▄▄█▀▀▀▄   ▄ ▄▄██▄▄▄ ███▀ ▄▀▄█ ▄ ▄▄▄█████
█ █▄▄▄█ █ █ ▄▀▀▄▄ ▄▄▄█▄▀▀██▀▀▀▀█▄█▄▀ ███▀ ██ ▀▄▄ ▄ ▄██▀ ███
█▄▄▄▄▄▄▄█▄▄▄███▄█▄▄▄▄▄▄█▄█▄████▄▄▄▄▄█▄▄█████▄█▄▄█▄▄▄▄▄▄▄▄██


[36mScan to link (Settings → Linked Devices → Link a Device):[0m
▄▄▄▄▄▄▄▄▄▄▄▄▄▄▄▄▄▄▄▄▄▄▄▄▄▄▄▄▄▄▄▄▄▄▄▄▄▄▄▄▄▄▄▄▄▄▄▄▄▄▄▄▄▄▄▄▄▄▄
█ ▄▄▄▄▄ █  ▄█▄   ▀▄ ▀ ▀▀  ▀  ▄   ▀▄▀ ▀▀▄ █  █▀▀▄ ██ ▄▄▄▄▄ █
█ █   █ █ ▀ ██ ██ ▄▄█▄▀▀█▄▀█▄▀▄  ▄█ ▄▄▄ ▄ ▀▀▄▄ ▄ ██ █   █ █
█ █▄▄▄█ █▀ ███  ▀█▀▀▀██ ▀   ▄▄▄ ▀▀▄▀  ▀ ▀█▄▄▀█▄▀▄██ █▄▄▄█ █
█▄▄▄▄▄▄▄█▄█ ▀▄▀ ▀ ▀ ▀ █ ▀▄█ █▄█ ▀▄█▄█ █▄▀▄█ █▄█▄█ █▄▄▄▄▄▄▄█
█▄ █▀  ▄███▄▀ ▄▄▄▄ ▄█▀▄▀  ▀  ▄  ▄ ▄█▀ █▀▄█  █ ▀▄▀ ▀▀▄▀▄  ▄█
███  █ ▄█ ▄▀ █▄ █▀▄█▀▀▀███ ▄█▄▄ █▀   █▀ ▀▀█▄▀  ▀ ▄▄▄  ▄▄▄▀█
█▄ ▄▀▀█▄▀██▄▄▀▀▀▀█▀ ▄▀▄▄▀ ▄  ▀▀██▄▄█ ▄▄▀ ▀   ▄▀▄▄▀█▀ ▀█▄▄▀█
██▄█  ▀▄  █ ▀  █ ▀▀█▄▄▀▄▀█ █   ▀█▄▄█▄▄▀▀█▄ █ █ ▄█▄▀▄█▄▄█▄██
█▀▄▄▄ ▄▄▄█▄▀▄██▄▀▄ ▄▀▀ █▀▀ ▄▄   █ ▄▄  ▄ ▀▀ ▀█  █▀ █▀██▄▄███
█▄    █▄▀▄█▄  ▀██▄█▄▄▄██▀▄ ██▀ ▄█▄▀▀▀█▀ ██▄██▄██▄▄▀█  ▄▄ ▀█
█▄██ ▄ ▄▀▄▄▀█ ▄ ▀▀ ▄▀ ▄▀▀▄█▄▄▀ ▀▀ ▀▄▄ █ ▄▀ ▀█▄▀█▄▀▄▀▄▀▄▄█▄█
█▄▀█▄▀▀▄ █▄ ▀ █ ▄█▄▄▄█▄█▄ ▀ █ ▄▀▄██▄█▄█ ▀▀ ▀█▀ ███ █ ██▄▀██
█████▄▀▄ ▄▀▄█▀ ▄ ▄▄▄ ▀ ▀  ▄▄▄█ ▀▀█▀ ▄ █▀▄█  █▄ ▄ ▀█▀▄▀█ ▀██
█ ▄   ▄▄▄ ▀ █▀ ▄ ▄▀  ▀▄ █▄  ▄▄▄ ▄▄ ▄  █  ▄██ ▀▄█  ▄▄▄ ▄█ ██
█ ▄ ▀ █▄█  ███ ▄▀█▄▀▄ ▀█▀ ▄ █▄█ █▄ ▄▀ █▀ ▀▀▀▄▄▄█  █▄█ █▄▀ █
█▄███ ▄▄▄ █▄██▄  ▀ ▀█ █    ▄   ▄█▀▄█▀ ▀  █▄▀██▀▀      ▄█ ██
███▄▀▄ ▄▀▀  ▀█ ▄▀▄▀▄█ ▄█  ▀▀ █▀ ▀▄▄█▄ █  █▄▀▀▄ ▄█▄█▄▀█▄▀ ██
█ ███▄▄▄ ▄▄ ▄▄█   ▄▀▄█▄█ █▀▄▀▄▄██  █▀▄▀█  █ █▀  ▄▄ ▀▄▀██ ██
█▀▀█▀ ▀▄▄ █ ▄▀▀▄▄█▄ ▄▄ █▄  ▄▄█▄█▀ ▀█▄▄█▀ ▀  ▀▄ ███▀▄ ▄▀ ▀▄█
█▀▄▄█ █▄▀ ▀ ▀▀  ▀ ▀█▀  █▀█▄ ▀ █▀ █▀ █▀ ██▄█▄▀ ▄▀ ▀▄██ █▄▄▄█
█ ▀▄ ▄▄▄▄█ ███ █▀▄▄ ▀▀▀▀▄▀ ▄ ▄ █▄ ▄██▄█▀ ▀  ▄▄▀▄█▀▀▄ ███  █
█▄▄ █▄▀▄ █▄▄▀█▄█▀ ▄██▀▀████▀  ██▀█▀▄▀█ ▄ ▀ ▀▄██▀█▀▄▀▀█▄▄▄▀█
██  █▀▀▄   █ ▄▀  █▀ █▀▄▄ ▀▀▄ ▄▀▄▀  █▄ ▀  █▀ ▀▄ █▀ ▄▀ ▄▄▄█▄█
█ ▀ ▀▀▄▄   █  ▄ ▄▀ ▀▄ █▀  █ ▄▀▄▀ ▄▄█▀█▄ ▀▄ █  ▄  ▀▄█▀▀▄█▄██
███████▄█▀█   ▄█ ▄▀▄█  █  █ ▄▄▄ ▀ ▀█ ▄▄▀ ▀  █▄ ██ ▄▄▄ █▄▄▀█
█ ▄▄▄▄▄ █▀  ▀▀▄█ ▄█ ▀█▄▄█▄█ █▄█  ▀▀▀▄▀▄▄▄█ ▀▀ ▄▄█ █▄█ ▀▄▄██
█ █   █ █▄█▀▄ █ ▀▀ ▄▀ ▄▀▀▄█▄▄▄ ▄▄  ▄▄▄█ ▄█▀ █▄▀█ ▄▄   ██▀▀█
█ █▄▄▄█ █▀▀▄ ▀▀ ▄█▀▀▄█▄▄▄ █▀█ ▄ ▄█▄▄█▀██▀█   ▀▄▀█▀ ▄▄ ▄████
█▄▄▄▄▄▄▄█▄▄█▄▄▄▄▄▄▄▄████▄██▄█▄█▄███▄█▄█▄▄████▄█▄█▄███▄▄▄█▄█


[36mScan to link (Settings → Linked Devices → Link a Device):[0m
▄▄▄▄▄▄▄▄▄▄▄▄▄▄▄▄▄▄▄▄▄▄▄▄▄▄▄▄▄▄▄▄▄▄▄▄▄▄▄▄▄▄▄▄▄▄▄▄▄▄▄▄▄▄▄▄▄▄▄
█ ▄▄▄▄▄ █  ▄█▄ ▀▄▀█▀▀  ▀ ▄▀  ▄   ▀ ▀▀█▄▄█▀▄ █▀▀▄ ██ ▄▄▄▄▄ █
█ █   █ █ ▀ ▀▀ █▄ ▄▄██▀▀▄▄▀█▄▀▄  ▄█ ▀▄▄ ▄ ▀▀ █ ▄ ██ █   █ █
█ █▄▄▄█ █▀ ▀▀   ▀█▀▀▀██ ▀   ▄▄▄ ▀ ▄▀▀▀▀ ▀▀▄▄ █▄▀▄██ █▄▄▄█ █
█▄▄▄▄▄▄▄█▄▀▄█▄▀ ▀ ▀ ▀ █ ▀▄█ █▄█ ▀▄█▄█ █▄▀▄█ █▄█▄█ █▄▄▄▄▄▄▄█
█▄ █▀ ▄▄▀█▄ █ ▄▄▄▄ ▄█▀▄▀  ▀▄ ▄  ▄ ▄█▀ █▀▄█  █ ▀▄  █▀▄▀▄  ▄█
███  █ ▄█▄ ▀▄▄▄ █▀▄█▀▀▀██████▄▄ █▀▄  █▀ ▀▀█▄▀  █ ▄██▄█▄▄▄▀█
█▄   ▀█▄▄▄██▄▀▀▀▀█▀ ▄▀▄▄▀ ▄▀██▀██▄▀█ ▄▄  ▀ ▀ ▄▀█▄▀█▀ ▀█ ▄▀█
█▀  ▄ ▀▄  █ ▀  █ ▀ ▀▄▄▄▀▀█ █▀  ██▄▄▀ ▄███▄▄▄ █ ▀  ▀▄▄███▄██
█▀▀ ▄ ▄▄▄█▄▀▄██▄▀█ ▄█ ▄██▀ ▄▄ ▄ █ ▄▄ ▄▄▀█▀▄ █  ▄▀ █▀███████
█  ▀▄ █▄▀▄█▄  ▀████▄▄▀██▀  ██▀▀▄▀ ▀▀▄█  ▀ █▄▀▄██▄▄▀█  ▄▄ ██
█▄██ ▀▀▄▀▄▄▀█ ▄ ▀▀ ▄▀ ▄▀▀▄█▄▄▀ ▀  ▀▄▄▄█ ▄▀ ▀▀▄▀█▄▀▀▀▄▀▄▄▄▄█
█▄▀█▄▄█▄▄█ ▀█▄ █▄█▄▄▄█▄█▄ ▀ █ ▄▀▄██▄▄▄█  ▀ ▀▄▀ ███▄  ▀█▄▀██
███████▄▀▀  ▄▄█  ▄▄▄ ▀ ▀   ▄▄█ ▀▀█▀ ▄ █▀▄█  █▄ ▄▄▀▄▀▄▀█ ▀██
█ ▄   ▄▄▄  ▀ ▀▀▄ ▄▀  ▀▄ █▄  ▄▄▄ ▄▄▄▄  █  ▄██ ▀ █  ▄▄▄  █ ██
█ ▄ ▀ █▄█   ██▄▄▀█▄▀▄ ▀█▀ ▄ █▄█ █▄▀█▀ ▀▀ ▀ ▀▄▄ ▄▄ █▄█  █▀ █
█▄█▄█▄ ▄▄▄█▄██▄  ▀█▀█ ▀▀  ▀▄   ▄█▀█▄█ ▄▄ ▀ ▄▀▀ ▄▄ ▄   ▄█ ██
█▄▀ ▀▄ ▄██  ▀█ ▄▀█▄ █▀▄█▀▀▀▀▄▄▀ ▀▄▄█▄    ▀▀▀▀▄▀▄█ █▄█▄█  ██
█▀▀▀▀▄▄▄▀ ▄ ▄▄█ ▄▀▄▀▄▀▄█▀█▀▄ █▄█▀  ██▄ ▄▄ ▄▀▀▀  █▄ ▀▀▄██ ▀█
██▀█▀ ▀▄▄ █  ▄▀▄▄█▄ ▄▄ █▄  ▄▄█▄▄█▄▀█▄▄█▀▄█  █▄ ███▀▄ ▄▀ ▀██
█▀▄▄█ █▄▀ █ ▄ ██▀ ▀█▀  █▀█▄ ▀ ▄▀▀█▀ ▄▀ █▄▄█▄▀ ▄▀ ▀▄██ █▄▄▄█
█ ▀▄  █▄▄█▄ ▄▀  ▀▄▄ ▀▀▀▀▄▀ ▄ ▄ █▄ ▄██▄█▀ ▀  ▄▄▀▄█▀   ██▀  █
█▄▄ ███▄ ██ ▀▄██▀ ▄██▀▀████▀  ██▀██ ▀█▄  ▀ █▄█▀▀▀ ▄█▀███▄▀█
██ ▀▀▀▀▄█▀ ▄ ▄▀▄ █▀ █▀▄▄ ▀▀▀ ▄▀▄▀ ▄▄▄ ▄  █▄ ▀▄ ▄█▀█▀ █▄██▄█
█ ▀ ▀▀▄▄█▄ █  ▄ ▄▀▀▀▄ ▄▄  ▄▀▄▀▄▀ ▄██▀▀ ██▄▀▄  ▄▀▄▀ ▀▀▀▄█▄██
███████▄█▀█   ▄█▄▄ ▄▀▀▄█ ▀█ ▄▄▄ ▀ ▀█▄▄█ ▀█  █▄▀▄▀ ▄▄▄ ██ ██
█ ▄▄▄▄▄ █▀  ▀▀▄█  █ ▀▄▄▄ ▀█ █▄█  ▀▀▀ ███▄▀ ▀▄█▄█▄ █▄█ ▀▄▄██
█ █   █ █▄█▀▀▄█ ▀▀ ▄▀ ▄▀▀▄█▄▄▄ ▄ ▄ ▄▄▄█ ▄█▀ █ ▀█ ▄▄   ██ ▀█
█ █▄▄▄█ █▀▀ ▀▀██▄█▀▀▄█▄▄▄ █▀▀ ▄ ▄█▄▄▄ ██▀▄  ▀ ▄▀█▀ ▄▀▄▄████
█▄▄▄▄▄▄▄█▄█▄▄▄█▄▄▄▄▄████▄██▄▄██▄███▄█▄█▄▄████▄█▄█▄██▄█▄▄█▄█


[36mScan to link (Settings → Linked Devices → Link a Device):[0m
▄▄▄▄▄▄▄▄▄▄▄▄▄▄▄▄▄▄▄▄▄▄▄▄▄▄▄▄▄▄▄▄▄▄▄▄▄▄▄▄▄▄▄▄▄▄▄▄▄▄▄▄▄▄▄▄▄▄▄
█ ▄▄▄▄▄ █  ▄█▄ ▀▄▀█▀▀▄ ▀  ▀  ▄   ▀▀▀███ ▀▄▄▄ ▀▀▄ ██ ▄▄▄▄▄ █
█ █   █ █ ▀ ██ ██ ▄▄█▄▀▀██▀█▄▀▄ ▄▄█ ▄▄▄ █ ▀▀▀▄ ▄ ██ █   █ █
█ █▄▄▄█ █▀▄██▄  ▀█▀▀▀██ ▀   ▄▄▄ ██▄▀██▀ ▄▄▄▄▀▄▄▀▄██ █▄▄▄█ █
█▄▄▄▄▄▄▄█▄▀▄█ ▀ ▀ ▀ ▀ █ ▀▄█ █▄█ ▀▄█▄█ █▄▀▄█ █▄█▄█ █▄▄▄▄▄▄▄█
█▄ █▀▄▄▄█▀█ █▀▄▄▄▄ ▄█▀▄▀  █▄ ▄  ▄ ▄█▀ █▀▄█  █ ▀▄▀▀█▀▄█▄  ▄█
███  █▀▄▄ ▄ ▄▀▄ █▀▄█▀▀▀███▀█▀ ▄ █▀ ▄ ██ ▀▀█ ▀ ▄▀ ███▄▀▄▄▄▀█
█▄  ▄▀█▄█▀ ▀▄▀▀▀▀█▀ ▄▀▄▄▀ ▄ ▄█▀██▄ █ ▄█  ▀▀▀ ▄▀▄ ▀█▀▄▀█▄▄▀█
█▄▀ ▄ ▀▄  █ ▀  █ ▀█▄▄▄▀ ▀█ █ ▀▄██▄   ▄███▄   ▀▀███▀▄█▄██▄██
█▄ █▀ ▄▄▄█▄▀▄██▄ █▄▄█▀▄▀▀  ▄▄   █ ██ ▄▄▀ █▀▀ ▄ ▄▀ █▀███████
█▄▄██ ▀▄▀▄█▄  ▀████▄▀███ ▄ ██▀ ██ ▀▀▀█  ▀▀█▄▀▀██▄▄▀█  ▄▄███
█ ▀█ ▀█▄▀▄▄▀▀▄▄ ▀▀ ▄▀ ▄▀▀▄█▄▄▀ ▀▄ ▀▄▄ █  ▀ ▀  ▀█▄▀█▀▄▀▄▄▄██
█▄▀█▄▀█▄ ██ ▀ ▄█▄█▄▄▄█▄█▄ ▀ █ ▄▀▄██▄▄██    ▀▄▀ ███▀█▄▀█▄▀██
█████ █▄▀▀ ▀   ▄ ▄▄▄ ▀ ▀  ▄ ▄█ ▀▀█▀ ▄ █▀▄█  █▄ ▄  ▄▀▄██ ▀██
█ ▄   ▄▄▄ ██▀█   ▄▀  ▀▄ █▄█ ▄▄▄ ▄▄▄   ▀  ▄█▀ ▀ ▀█ ▄▄▄ ▄█ ██
█ ▄ ▄ █▄█  ███▄█▀█▄▀▄ ▀█▀ ▄ █▄█ █▄ █▀ ▄▀ ▀▄▀▄▄ ▄  █▄█ ▄▀▀ █
█▀▄▀█  ▄ ▄█▄██▄  ▀▄▄█ ▄    ▄   ▄█▀█▄█  █ █▀ ▀▀█ ▀  ▄  ▄▄ ██
██ ▀█▄ ▄▀   ▀█ ▄▀█▄ ▀▀ ▀ ▀▀▀ ▄▀ ▀▄▄█  █▀▄▀▀▀█▄▀▄▀ █▄ ▄▄  ██
█▄▄▄▀▄▄▄▄ ▄ ▄▄█ ▀▀▄▀▄▄▄███▀▄▄█▄█▀  █▄▀▀▄  █ █▀ ▀▄▄ ▀█ ██ ▀█
█▄▄█▀ ▀▄▄ █ █▀▀▄▄█▄ ▄▄ █▄  ▄▄█▄  ▄▀█  █▀▄█  █  ███▀▄ ▄▀ ▀▄█
█▀▄▄█ █▄▀  ▀▀▄▄█▀ ▀█▀  █▀█▄ ▀ ▀▀▀█▀ ▄▀ ██▄█▄▀ ▄▀ ▀▄██ █▄▄▄█
█ ▀▄ █▀▄▄█▀▀ ▄▄▀▀▄▄ ▀▀▀▀▄▀ ▄ ▄ █▄ ▄██▄█▀ ▀  ▄▄▀▄█▀ ▄ ███  █
█▄▄ █  ▄ █ ▀▀▄▄█▀ ▄██▀▀████▀  ██▀█▀▄▀█▄  ▀ █▄█▀▀██▀▀▀█▄█▄▀█
██ █▀█▀▄▄▀▀  ▄▀▀ █▀ █▀▄▄ ▀ █ ▄▀▄▀ ▀▄▄ ▄  ██ ▀▄█▄▀█▄▀ █▀ █▄█
█ ▀ ▀▀▄▄█▄ █  ▄ ▄▀██▄ ▄   ▄▄▄▀▄▀ ▄▄▄█▀ ██▄▀▄ ▄▀▀▄▀▄█▄▀ █▄██
███████▄█▀█   ▄█▀█ ▄▄▀ ▀  █ ▄▄▄ ▀ ▀█▀ ▀ █▀▄ █  █▀ ▄▄▄ ▄█▄██
█ ▄▄▄▄▄ █▀  ▀▀▄█ ▄█ ▀█▄▄███ █▄█  ▀▀▀▄█▄▄▄▄▀ ▀▄███ █▄█ ▀▄▄██
█ █   █ █▄█▀▄▄█ ▀▀ ▄▀ ▄▀▀▄█▄▄  ▄▄▄ ▄ ▄█ ▀▀▀ █ ▀█▀▄▄   ██▀ █
█ █▄▄▄█ █▀ ▄█▀▀▄▄█▀▀▄█▄▄▄ █▀▀▄▄ ▄▄▄▄█▀██ ▄   ▀▄▀█▀ ▄▀▄▄████
█▄▄▄▄▄▄▄█▄▄▄▄███▄▄▄▄████▄██▄▄██▄███▄█▄█▄▄████▄█▄█▄███▄▄▄█▄█

(reconnecting, code 408)

[36mScan to link (Settings → Linked Devices → Link a Device):[0m
▄▄▄▄▄▄▄▄▄▄▄▄▄▄▄▄▄▄▄▄▄▄▄▄▄▄▄▄▄▄▄▄▄▄▄▄▄▄▄▄▄▄▄▄▄▄▄▄▄▄▄▄▄▄▄▄▄▄▄
█ ▄▄▄▄▄ █▄▀████▄▀▀█▄▄▀ █   █▄█ ▄███▀█  ▀ █ ▄▀  ▄ ██ ▄▄▄▄▄ █
█ █   █ █ █ ▀▄ █▄▄▄ ▄▄▄█ ▀ ███ ▄ ▄██▄ ▄▀▀█▄▀ ▄▀▄ ██ █   █ █
█ █▄▄▄█ █▄▀▀▄▄█▄▀▀▀  ▀▀  █▀ ▄▄▄ █▄ █▄▄  ▀ ▀█▄▄▄▀▄██ █▄▄▄█ █
█▄▄▄▄▄▄▄█▄█ █▄▀ █▄▀ ▀▄█ ▀▄█ █▄█ ▀ ▀ █ ▀▄█ ▀▄▀▄█ █ █▄▄▄▄▄▄▄█
█ ▄▄ ██▄▀ ▄▀█▀█▀▄▄ █ █▄▄ ▀▀▄ ▄   █ ▄▀█▀▄▀  ▀▀▀█▄▀ ▄█▀▄▄ █ █
████▄▀▀▄███▀█▄ ▀█▄ ██ ▄▄ ▄▄▄█ ▀ ▀▄█▀ █▀▀█▀▄▀ █▄▀█▀▄▀▄▄ ▄▄▄█
█▀█▄▀▀█▄█▀▀▄▀ ▄  ██▄▀ █▄██▀▀███▀ █▀█    ███▄ ▀▄▄██ ▀▀█▀▄ ██
█▄ ▀▀ █▄█▄▄█▄▄▄  ▄▄██▄█▄▄ ▀█▀▄██▀▀█▀▄█▄▄▀▀█▄ ▄▄█▄▀█▄▀█  ▀▀█
█▄▀▀ █▄▄▀▀▀  ▀   ▀█▀█▄▀█▀█ ▄▄▄██▄▄▄ ██ █ ▀▀█  ▀ █▄ ▄ █▄█  █
█  ▀▀▀ ▄██▄ ▀ ▀▀██▀██▄ ▄▄▄▀▀▀ ██▀▄▀▄▄  ▄ ▀ █▀▄ ▀▀▄▄▄█▀▄▄▄▀█
██ ▀ ██▄▄▀▄▀▄█ ██ ▄▀██▄ ▀█▀▀█▄ ▀▀▀▀▄ █▄▄▄  ▀ ▀█▄▄ ▀▄▄ ▀█▀ █
█  ▄▀██▄ ▀█▄▄ █ ▀▄▀▀ ▄ ▀  █▀ ▄█  █ ▄▀ ▄▀▄▄██ ▄████ █▄ ▀██▄█
██▀▄ ▄ ▄█ █▀▀▄▄  ▄  █  ▀█▄▀█▄███▄▄   ▄▀▀▀▀ ▄ ███▄█▀▀▀▀ ▄  █
█▄▀██ ▄▄▄ ▄ ▄ ▀▄██▄▄▀▀█▄▄   ▄▄▄ █ ▀ ▀▄▄ ▄█▄  ▀▀█▀ ▄▄▄ █▀▀▀█
██▄   █▄█ ▄▄▄█ █  █▄ █▀▀▀▄█ █▄█  ▄   ██▄▄█▀█▄ ▀▀█ █▄█ ▀▄█▄█
█ ▄██▄ ▄▄   ▀▀▄▄ ▄▄█▀▀ █▄▄ ▄▄  ▄▀█ ▀▄▀█▀ ▀██ █       ▄██ ▀█
█ ▄ ▄▄█▄ ██   █ ██▄█▀▄▄ ▄ ▄▀ █▀▀ ▀ ▄▀▀▄█    ▀▀███ ▄▀██▀█▄ █
█   ▄▄█▄▀ ▄▄▄▀ ▀▄ ▀▀▄▄█▄█▄ █▄▄ █▀ ▀ ▄▄▄█▄ ▄█    ▀▄█ █▄▀▄▄▄█
█  ▀  ▄▄▄ █▄██▄▀██  ▀██▀ ▄█▀██▄▀ █▀█  ▄▀▀▀▀█ ▀▄███▄▀ ▄██▄▄█
███▀▀▀▀▄▄██ ▀▄▄▀ ▄▀▀  ▄▄▄▀▄▄ ▄ █ ▄ ▄ ▄█       ▄▀▄█▀▀█▄▀▀█▄█
██▄▄▄▄█▄█ ▄███ ▀  ▀█ █ █▀█▀ ▀  ██▄▄▀█▀▄█ ▀▀▄ ▄▄  ▀▀▄█  ██ █
█ ▄   █▄ █▄▀ █▀  ██▄ ██ ▀███ ▀ ▄▀██▀▀██▄▄▀▄ ▀▀▀▄  ▄▀▀█▄▄▄██
█  ▄▀▀ ▄   █▀█▀  █▀▀█▄ █▀ █▄▄▄  █▀█▄▄█▀█    ▀██▄█▀▄█▄▄█▀▀▄█
█ ▀ ▀▀▄▄ ▀▄▀▄ ▄█ █ ██▀▀ ▄▄ █ ███ █▀█▀  ▄█ ▄▄▄▄▀▀▀▀▄▄  ▀█▄▄█
███████▄█▀ ▀▄ ▀██▄▄▄▀  ▀██  ▄▄▄ ▄▀ █▄ █▀█▀▄▄ █▄▄█ ▄▄▄  ▀█▀█
█ ▄▄▄▄▄ ██▄ ▄▄  ▄█ █ ▄██▄ █ █▄█ ▄█ █▄██▄  ▄ ▀▀ ██ █▄█  ▀▀██
█ █   █ █▀▀█▀▄▀▀▀██▀ ▄▄▀ ▀  ▄▄  ▄▄ ▀██▄▄▄▀▀▄▄▄▄ ▄ ▄▄ ▄▀ ▀██
█ █▄▄▄█ █ ▄██ ▀    ▄▄▀ ▄█▀▀ ▄▀█▀█▀ ▀█▀▀█  █▄▀▄█▄ ▄  ▀████▀█
█▄▄▄▄▄▄▄█▄█▄▄▄██▄█▄█▄█▄▄▄▄▄██████▄██▄██▄█▄▄███████▄▄██▄████


[36mScan to link (Settings → Linked Devices → Link a Device):[0m
▄▄▄▄▄▄▄▄▄▄▄▄▄▄▄▄▄▄▄▄▄▄▄▄▄▄▄▄▄▄▄▄▄▄▄▄▄▄▄▄▄▄▄▄▄▄▄▄▄▄▄▄▄▄▄▄▄▄▄
█ ▄▄▄▄▄ █▀██▀▀▄▀██▀  ███▄  ▀ █▄ █▀▄▀██ ▀ █  ▀█▄▄ ██ ▄▄▄▄▄ █
█ █   █ █▀▄▀█▀▀█▄▄▄▀▄██▄▀▀▀█▄▄ █▀▄▄▄▀▀█▀██▄ ▄▄ ▄ ██ █   █ █
█ █▄▄▄█ █▀▄▀▄█▀█▄█ █▄ ▄▄▀ █ ▄▄▄ ▀ █▀ ▀▄▀ ▀  █ ▀▀▄██ █▄▄▄█ █
█▄▄▄▄▄▄▄█▄█ █ ▀▄▀▄█▄▀ ▀ █ █ █▄█ ▀▄█ ▀▄▀ ▀ █ ▀ ▀ ▀▄█▄▄▄▄▄▄▄█
█ ▄▄  ▀▄  ▄██▄▄▀██ ▄▀███   ▄ ▄  ▀█▀█▀▄ ▄ ▀   ▀▄█▀▀ █▄▀▄▀▄▀█
█ ▀▄▀▄ ▄▀▀▄▄██▄   ▀ ▀▀▀ ▀▀█▄   ███ █▀ █▄ ██ ▄▄██ ▄▀ ▄▀▀▀ ██
███▄█▀▀▄▄ █ █▄▄▄▄█▀ ▀▄▀▄▀▀ ▄▀█▀█ ▀██▄▄ ▄▀█▀▀ ███ ▀ █▀█▀  ▀█
█▀ ▄ ▀█▄▄▄█▄▄██ ▀█▄ ▄▄█▀▄▀ █▀█▀▄ ▀ ▀▄▄█▄▄ █ █▄█▄█▀▄▄▀█   ▀█
██▄▀▄▀█▄█ ▄▄▀▄▄▀▄▄▄▄▀▄▀█▀ ▄█▀ █▀ █ █   ▄█▀▀▀▄▀▄▄▄▀▄██▀▄  ██
███▄ █▄▄█▀  █▄▀█▀ █▀  ▄▄▀█▀██  ▀█▄█▄ ▄▀  ▀█▀▀▀▄ █  ▄▀▀   ▀█
█▀▄▀▀ ▄▄█▀█ ▀▄▀█▄▀▄ ▄██▀▀▄ ▀▄█  ▄▀ █▀ █▄▀█   █▄█▄▀▀██▀▀▄▀ █
██▄█▄ ▀▄ ▄▀ ▀██▀▄  ▄▄███▀█▀ █ ▄██▄█ ▀▄    ▄ ▄█ ▀▄ ███   ▀██
█▀▀ ▄ █▄ ▀▀ ▀ ▄▀▄▄▄▄█▄▄▀▀ ██ █▀▀▄ ▄ ▄ ▀██▀▄  ▀▀█▀ ▀▄ ▀▄  ▄█
██ █▄ ▄▄▄  █▄▀▄ ▄▄▄█ ▀▄█▄▀  ▄▄▄ ▄ ▄█▀██ █▄▄▀▀▀  █ ▄▄▄ ▀  ▀█
█  █▀ █▄█ █▄█ ███▄▄▀▄▄▄█ ▀▀ █▄█ ▄█▄▄▀ ▄▄▀▀   ▀▄▄▄ █▄█ ██▀██
█▄█▄ ▄ ▄▄▄▄ ██▄ ▄▄▄ ▀███  ▀   ▄ ▀▀▄  ██ ▄▀▀▄ █▄▀     ▄▀  ██
█▄█▄▄██▄  ▄▀ ▀▄ ▄▄▄▄▀▄▀▀▀▀█▀▄█▀ ▀▀▀█▄  ▄▀▀▀▀▄▀▀█▀ █▀▀▄▀██ █
█▀ ██ ▄▄█▀▀ █▄▄  ▀ ▄▀█   ▀▄▄▄▄▀ ▀█▄▄ ▄ █▀█▄ █▄█▄ ▀▀▀   ▀ ▀█
█▄██▄  ▄▄▄▀▄█▀▄█▀█▄▄▀▀▀▀▄ ██▀█▀▄▄███▀▄▄██▀█▀ ▀ █▀▀▄█▄▄▀▀█ █
█▄▄▀  ▀▄███▄▄█▀▀▀█▀ ▀ ██▄ █▄▀█▀▄ █▀█ ▄▄    ▀▀▀█ ▄▄ ▀▄█▀ ▄▄█
█  █▀▄▀▄▀▀ ██ ▀██▄  ▄▄█▀  █▀▄▄▀ ▀█▀█▄▄ ▄██ ▀▄█▀▄▀▄█▄ ▄█▄▀▀█
█▄▄▄▄█▄▄ ▀▄▄  █▄▄█▀  ▀▀ █▀▀▀▄▀▄ ▀▀███▀▀  ▀  ▀█▀ ▄█ ███▀ ▄▀█
█▀▀ ▀▀▀▄▀█ █▀▄ ▄▀▄▀ ▄▄▀▄▀▀▄███ ▀▄▀█▄▄▄ ▄▀▀▀  █ ▄▀ ▄█▄▄▀█ ▄█
█ ▀ ▀▀▄▄▄▄▀███ ▄█▀▀█▀ ▄██▀▄▀█▀▄ ▄▄▄  ██▄ ▄██ ██▄█▄▀▀ ▀▀▀ ██
███████▄█▀▄▀ ▄▀▀▄█ ▄▀█▄▀ ▀  ▄▄▄ ▄█▄█  ▀██▀▀▀▄▀▄██ ▄▄▄ █▄███
█ ▄▄▄▄▄ █▄█▀▄█▀  ▄ ▄██▄▄█▄▄ █▄█ ▀█▀▄▄▄██ ▀█ ▄▀▀█▀ █▄█   ▄██
█ █   █ █ ▄▀▀ █ ▄▀▄▄▄█▀█▀▄▄  ▄ ▄ ▀██▄▄ █▄▀ ▀ █▀▄█▄ ▄   █▄██
█ █▄▄▄█ █ ▄ ▄▀▄▀▄ ▄ ▄█▄▄▀█▀▄▀█▀█▄█▄▀ █▀▀█ ▀ ▀ ▀▄▄  ▄██▀▀███
█▄▄▄▄▄▄▄█▄██▄██▄█▄▄▄████▄██████▄▄▄▄▄▄▄▄▄▄█▄▄▄█▄▄█▄█▄▄▄▄▄▄██


[36mScan to link (Settings → Linked Devices → Link a Device):[0m
▄▄▄▄▄▄▄▄▄▄▄▄▄▄▄▄▄▄▄▄▄▄▄▄▄▄▄▄▄▄▄▄▄▄▄▄▄▄▄▄▄▄▄▄▄▄▄▄▄▄▄▄▄▄▄▄▄▄▄
█ ▄▄▄▄▄ █▀██▀▀█ ▀▀ ▀▄██▄   ▀ █▄ █▀▀███ ██▄▄▄▄▄▄▄ ██ ▄▄▄▄▄ █
█ █   █ █▀▄▀▀█▀███▄▀███▄▀▀▀█▄▄ █ ▄▄▄▀ █▀▄█▄ ▀▄ ▄ ██ █   █ █
█ █▄▄▄█ █▀▄██ ▀█▄█ █▄ ▄▄▀ █ ▄▄▄  ██▀█▀▄▀▄▀  █▀▀▀▄██ █▄▄▄█ █
█▄▄▄▄▄▄▄█▄█▄█▄▀▄▀▄█▄▀ ▀ █ █ █▄█ ▀▄█ ▀▄▀ ▀ █ ▀ ▀ ▀▄█▄▄▄▄▄▄▄█
█ ▄▄  █▄  ██  ▄▀██ ▄▀███  ▄▄ ▄  ▀█▀█▀▄ ▄ ▀   ▀▄█▄▀▄█▄▀▄▀▄▀█
█ ▀▄▀█ ▄███▀█▀▄   ▀ ▀▀▀ ▀▀▀▄▄  ███▄█▀ ▀  ██▄▄▄▀▀▄▄▀ ▄▄▀▀ ██
███▀ ▀▀▄ ▀▄ █▄▄▄▄█▀ ▀▄▀▄▀▀ █▀█▀█ ▀██▄▄ █▀█ ▀ ██▄▀▀ █▀▀▀  ▀█
█▀▀▀ ▀█▄███▄▄██ ▀█▀▄▄▄██▄▀ █▀██  ▀ ▀▄▄ █  ▀▀▀▄███▀▄▄ █▀▀ ▀█
█▄▄▄█▀█▄█ ▄▄▀▄▄▀▄█▄▄ ▄█▀▄▀▄█▀ ▀▀ █▀█▄  ▄█▀▀ ▄▀█▄▄▀▄██▀█▀ ▀█
█▄█▀▀█▄▄█▀  █▄▀██▄█▀▀ ▄▄█▄▀██   ▀ █▄█▄▀▀▀▀█ █ ▄▀█ ▄ ▀▀  ▀▀█
██▀▀▀  ▄█▀█   ▀█▄▀▄ ▄██▀▀▄ ▀▄█  ██ █  █▄█▀   █▄█▄▀███▀▀▄ ▀█
██▄█▄▀▄▄ ▄▀▄▀ ▀▀▄  ▄▄███▀█▀ █ ▄██▄█ ▀▄   ▀▄ ▄█ ▀▄ ▄ ▀   ▀██
█▀▀ ▄ █▄▀▄ █ █▄▀▄▄▄▄█▄▄▀▀ █▀ █▀▀▄ ▄ ▄ ▀██▀▄  ▀▀█▀▀ ▄█▀▄  ▄█
██ █▄ ▄▄▄ █▄ ▀▄▄▄▄▄█ ▀▄█▄▀█ ▄▄▄ ▄  █▀██▄█▄ █▀▀▄▄  ▄▄▄ ▀  ▀█
█  █  █▄█ █▀█   █▄▄▀▄▄▄█ ▀█ █▄█ ▄██▄▀  █▀▀▀  ▀█▄█ █▄█ █▀▀██
█▄▄██▄ ▄  ▄ ██▄ ▄▄█▄▀█ ▄      ▄ ▀▀█▀ ▀█▀ █ ▀▄▀▀█ ▄ ▄▄▄▄▀ ██
█▄██▀██▄▀▀▄▀ ▀▄ ▀▄ ▄▀█▀▀▀▀█▀▀▄▀ ▀▀▀█▄▄ ▄██   ▀██▀▄█▀▄█ █▀ █
█▄██  ▄▄  ▀ █▄▄ ▀█ ▄█▀  ▄ ▄▄█ ▀ ▀▀▄▄█▄▀█ ██▀ ▀▄▄▀▀▀▀   ▀ ▀█
█  █▄  ▄▄▄▀▄██▄█▀█▄▄▀▀▀▀▄ ██▀██  ▀██  ▄████▀▀▀ █▀▀▄█▄▄▀▀▄▀█
█▄▄▀  ▀▄██ ▄▄▀▀ ▀█▀ ▀ ██▄ █▄▀█▄▄▀█▀█▀█▄ ▀  ▀ ▀█ ▄▄ ▀▄█▀ ▄▄█
█  █▀ ▄▄▀▀█ ▄  ▄█▄  ▄▄█▀  █▀▄▄▀ ▀█▀█▄▄ ▄██ ▀▄█▀▄▀▄▀▄ ▄▀▄▀▀█
█▄▄▄▄ ▀▄ ▀ ▄   ▄▄█▀  ▀▀ █▀█▀▄▀▄ ▀▀▀██▀▀  ▀  ▀██▄ ▄ ████▀▄▀█
█▀▀█▄▀▄▄█▄▄▀▀▄█ ▀▄▀ ▄▄▀▄▀▀▄▀██ ▀▄▀██▄▄ █▀▀   █▄▄█ █▄▄█ ▀ ▄█
█ ▀ ▀▀▄▄▄▀▀███ ▄█▀▀ ▀ █▀█▀█ █▀▄ ▄▄▄ ▄█▄█▄▄▄█ █   █ ██▄▀▀ ██
███████▄▄▀▄▀ ▄▀▀██ ▄ █▄▀▄▀  ▄▄▄ ▄█▄█ ▄▀▄██▀▀▄▀▄██ ▄▄▄ ██▀▀█
█ ▄▄▄▄▄ █▄█▀▄█▀ ▀▀ ▄▀█▄▄▀ ▄ █▄█ █▀▀▄▄▀██ █▄  ▀▀▄█ █▄█    ▀█
█ █   █ █ ▄▀ ██ ▄▀▄▄▄█▀█▀▄▄    ▄ ▀██▄  ██▀ ▀██▀▄█▄ ▄▄  █▄██
█ █▄▄▄█ █ ▄█▀▀ ▄▄ ▄ ▄█▄▄▀█▀▄▀▀▀██▄▄▀▀▄▀▀█▀▀  ▀▀▄▄  ▄█▀▀▀███
█▄▄▄▄▄▄▄█▄█▄▄██▄█▄▄▄████▄███▄▄█▄▄▄▄▄▄▄▄▄▄█▄▄▄█▄▄█▄█▄▄█▄▄▄██


[36mScan to link (Settings → Linked Devices → Link a Device):[0m
▄▄▄▄▄▄▄▄▄▄▄▄▄▄▄▄▄▄▄▄▄▄▄▄▄▄▄▄▄▄▄▄▄▄▄▄▄▄▄▄▄▄▄▄▄▄▄▄▄▄▄▄▄▄▄▄▄▄▄
█ ▄▄▄▄▄ █  █▀▀ ▄▄█ ▀█▄ ▄▄▄█▄██▄  ▄▀▀  ▀▄█▄▄ ▀█▀▄ ██ ▄▄▄▄▄ █
█ █   █ █ ▄▄▄ ▀█▄ ▀▄█▄█▀▄█▀█▄▀█ ▀█▄▀▄▄█▀▄ ▀█▀▄ ▄ ██ █   █ █
█ █▄▄▄█ █▀▀▀▀▀▄ ▀█ █▀█▀▄▀   ▄▄▄ ▀█ ▀▄ ▀▄ ▀  ▀ ▄▀▄██ █▄▄▄█ █
█▄▄▄▄▄▄▄█▄▀ █ ▀▄▀ ▀ ▀ ▀▄▀▄█ █▄█ ▀▄█▄█ ▀ ▀▄▀▄▀ ▀▄█ █▄▄▄▄▄▄▄█
█  ▀█ ▄▄▀█ ▀█▄▀▄ █ ▄▄  █  █ ▄▄  ▄ ▄█▀▄█▀█▀  █▄▀█▄▀█▀▄▀▄  ▄█
██▀▄▀ ▄▄▄▀▀██ ▄  █▄█▀▀▀█▄▄▀█ ▀█ ██▄▄▄█▀   ▄▀▄▄▀ █ ▀ █▄▄▄ ██
██  █▀▀▄▄█▄▀█▄▀▀▀█▀ ▄▀▄▄▀▀▄▀▄█▀██▄▄█▄▄▄ ▄██▀█ ▀█▄▀█ ▄█▀ █▄█
█ ██▄▄ ▄███▀▀ █ ▀  ▀▄▄ █▀▄ █ ▀▄█ ▀▀▀█▀▀  ██▄█ █▀▄ ▄▄▀▀█▄ ▀█
█▀ ▄▄▀█▄ █▀▄▀▄▀▄▄▄  ▄ ▀▀▀▀▀ ▄ ▀▀█ ██  ▄▀▄█ ▀█▄ ▄▄▀▀  ▀█▀▀ █
██▄ █ ▀▄█▀ █ ▀▀██  ▄▄▀▄▀ ▀▀████▄█ █▀█▀  ▀ ▀▄ ▄▄█ █ ▄▀▄██▄▀█
█▀▀▄▄▄█▄ ▄   █▄ ▀▀▄ ▀  ▀▀▄█▄▀█  ▄▄██▄  ▀▄█  █ ▀█▄▀ ▀ ▀▀▄▄██
█ ▄█▄ ▄▄ ▄▀█▄▄██▄██▀▄██ ▄ ▀ ██▀ ████▄▀  ▀▄▀██▄ ▄▀█▄ ████▀██
█▀▄█▀▀▀▄ ██  ▀█▀▀▄▄▄ ▀▀▀▀  ▄██▀▀▀█▀ ▄ ▄  ▀▄ █▄▄█▀▀▄ ▀▀▄ █▀█
█  █▄ ▄▄▄ ▀▄█▀▀█▄▀▀  ▀▄ ▀▄▀ ▄▄▄ ▄   ▄ ▀▄█▀█▄▀▀▄▀▄ ▄▄▄ ▄█ ▀█
█ ███ █▄█  ▄█ █▀ ▄▄▀▀▀▀█ ▀▄ █▄█ ▀  █▀ ▄ ▄▀  █▄▀▄█ █▄█   ▄ █
█▀█ ▀▄ ▄▄ ▄█  ▄ ▄▀ █▀█ ▄██   ▄ ▄▀▀▄▄█ ▀█▄ ▀▄▄█    ▄▄  ▀▄ ██
█▄▀  ██▄█ ▀▀ ▀▀█ █▄ ▀▀▄▀   ▄▀█▀ ▄▄▄█▀ █▀▄█▀▀█▄▀▄█  ▄▀█ █▄██
█▄████▀▄▄▀▀█ ▀▄  ▄█▀ ▄ █▄█▄▄█▀▄█▀▀▄▀▄ ▀▄█▄▀█▄ ▄ █▄▀▀▄▄█▄ ██
█▀  ▀  ▄▀▀▄▄▄ ▀ ▄█▄▄▄▄▄▀▄   ▄███ ▄ █▀ ▀ ▄▀█▀█ ██▀▀▀ ▀▄▀▀▀██
█▀▄▀ █▄▄██▀█▄ █▄▀ ▄█▀ █ ▀██▄▀ ▄▀▀▄▀ ▄▀▄ ▀██▄  ██▀▀ ▀▄ ▄█▄▄█
█ █ ▄  ▄▄▄ ▄▄▀█  ▄  ▀▀ ▀   ▄▀▄▀ ▄ ▄█▄▄█▀ █ ▀▀ ▄▄▀▄▄▀█▄▀ ▄▄█
█▀▄▄▄▀ ▄ ▀▄▀█   ▄ ▄█ ▀▀█ ▄█▀▄▄▀█▀▀▀▄ ▄▀▄ ▄▀█▀████▀▄██ ██▄▀█
█▀▄█ ▀▄▄█ ▀▄▀▄▄▀▄▄▀ ▀▀▄▄▀▀▀█ █ ▀▀▄ █▄▄▀ ▄▀ ▀█ ▀██▀▀▀ ▄▄██▀█
█ ▀ ▀▀▄▄ ▀▀    ▄█▄ ▄▀  █ ▄█▄█▄▀█▄▄▄█▀▄▄▄▄█ ▄▄█     ▀█▀██ ██
███████▄▄▀▀▀ ▄▄▄▀█▄▄█▀▄▀▀ █ ▄▄▄ ▀ ▀█▄▄█ ▄▀▀▀█▄ ▄█ ▄▄▄ ▄█ ▄█
█ ▄▄▄▄▄ █▀█▄▀ ▀ ▀ █▀▀ ▄▀ ▄▄ █▄█ ▀▀▀▀▄ ██ ▀▀███  ▀ █▄█ ██ ██
█ █   █ █▄▀▀▄▀ █▀▀▄▄▀ ▄█▀▄▀▄ ▄ ▄█  █▀ █  █ ▀█ ▄▄▄▄▄ ▄▄ █  █
█ █▄▄▄█ █▀ ▄    ▄█▀█▄█▄▀▄ ▀▄█ ▄ ██▄▄█▀▀▀▄▄▄█▀ ▀▀▀█ ▄█ ▄▄███
█▄▄▄▄▄▄▄█▄███▄▄▄▄▄▄▄▄▄▄█▄█▄▄███▄███▄▄▄████▄▄█▄█▄█▄▄███▄▄█▄█


[36mScan to link (Settings → Linked Devices → Link a Device):[0m
▄▄▄▄▄▄▄▄▄▄▄▄▄▄▄▄▄▄▄▄▄▄▄▄▄▄▄▄▄▄▄▄▄▄▄▄▄▄▄▄▄▄▄▄▄▄▄▄▄▄▄▄▄▄▄▄▄▄▄
█ ▄▄▄▄▄ █▀██▀▀█ █▀▀  ▀▄▄▄  ▀ █▄ █▀███▀ █▀▄▄▄ █▄▄ ██ ▄▄▄▄▄ █
█ █   █ █▀▄▀▀█▀█▄▄▄▀▄▄█▄ ▀▀█▄▄ █▀█▄▄ ▀█▀█▄▄  █ ▄ ██ █   █ █
█ █▄▄▄█ █▀ █ █▀█▄█ █▄ ▄▄▀ █ ▄▄▄ █▀█▀▀█▄▀▀█  ▀ ▀▀▄██ █▄▄▄█ █
█▄▄▄▄▄▄▄█▄▀▄█ ▀▄▀▄█▄▀ ▀ █ █ █▄█ ▀▄█ ▀▄▀ ▀ █ ▀ ▀ ▀▄█▄▄▄▄▄▄▄█
█ ▄▄ ▄█▄ ▄▀███▄▀██ ▄▀███   ▄ ▄  ▀█▀█▀▄ ▄ ▀   ▀▄█ ▀▄█▄▀▄▀▄▀█
█ ▀▄▀█ ▄  ▄▀▄▀▄   ▀ ▀▀▀ ▀▀ █▄  ███▄█▀ █  █▀ ▄▄▀█▀▄  ▀█▀▀ ██
███▀█▀▀▄█▀ ▄█▄▄▄▄█▀ ▀▄▀▄▀▀▀▄▄▀▀█ ▀▄█▄▄ █▀█▀  ██▄▄▀ █▀▀█  ▀█
█▀█ ▄▀█▄▄██▄▄██ ▀█▄ ▄▄█▄▄▀ █ ▄▀  ▀██▄ ▄▄▄ █▄█   ▀█▄▄ ▄   ▀█
█▄▄▄▄▀█▄█ ▄▄▀▄▄▀▄█  █▄ ▀▀▀▄█▀    █▀█  █▄█▀   ███▄▀▄██▀█  ▀█
███▄▄█▄▄█▀  █▄▀████▀  ▄▄ ▀▀██   █ █▄▄▀  ▄ ▄▀█▀▄▀█   ▀▀  ███
█▄▄▀▀▀ ▄█▀█ █▀▀█▄▀▄ ▄██▀▀▄ ▀▄█   ▀ █▄ █▄██  ▄█▄█▄▀███▀▀▄▀ █
██▄█▄▄▄▄▄  ▄▀█ ▀▄  ▄▄███▀█▀ █ ▄█▄██  █    ▄ █▄ ▀▄ █▄█   ▀██
█▀▀ ▄▄▄▄▄▄█ ▀█ ▄▄▄▄▄█▄▄▀▀ ██ █▀▀▄ ▄ ▄ ▀██▀▄  ▀▀█▀ ▀▄ █▄  ▄█
██ █▄ ▄▄▄ █▄█ ▄▄▄▄▄█ ▀▄█▄▀▀ ▄▄▄ ▄ ▄█▀██ █▄ █▀▀  ▀ ▄▄▄ ▀  ▀█
█   █ █▄█ ▀ █ ▀██▄▄▀▄▄▄█ ▀▀ █▄█ ▄█▄█▀  █▀▀▀  ▀██▀ █▄█ ▀▄▀██
██  ▀▄▄▄  ▄ ██▄ ▄▄█▀▀██       ▄ ▀▀▄▀▄▀█▄ ███ ▀▄ █▄▄    ▀ ██
██▄▄▄██▄▀▄▄▀ ▀▄ █▄▄ █▄▀▀▀ █▀ ▄▀ ▀▀▀█ ▄▄██▀▀▀█▀▄▄█▀█▀██▀▄▀ █
█  ██ ▄▄█▄▀ █▄▄ ██ ▄ █  ▄ ▄▄██▀ ▀▀▄▄▄▄ ▄ ▀█▀▀█▄█ ▀▀▀   ▀ ▀█
█  █▄  ▄▄▄▀▄ █▄█▀█▄▄▀▀▀▀▄ ██▀██▀▄███▄▄▄█▀██▀▄▀ █▀▀▄█▄▄▀▀█▀█
█▄▄▀  ▀▄██ ▀▄█▄ ▀█▀ ▀ ██▄ █▄▀█▄▄ █▀█ ▄▄    ▀▀ █ ▄▄ ▀▄█▀ ▄▄█
█  █▀▄ ▄▀▀ █▀▄ ██▄  ▄▄█▀  █▀▄▄▀ ▀█▀█▄▄ ▄██ ▀▄█▀▄▀▄▀  ▄█ ▀▀█
█▄▄▄▄█▄▄ ▀ ▄█▀██▄█▀  ▀▀ █▀█▀▄▀▄ ▀▀▀▀█▀█▄ ▀  ▀██  █ ▀██▀▀▄▀█
█▀▀▀ ▀▄▄ ▀▀ ▀▄ █▀▄▀ ▄▄▀▄▀▀▄▄██ ▀▄▀██▄▄█▄▀▀ ▀ █▀█▀▀█▄█▄   ▄█
█ ▀ ▀▀▄▄█ ▀███ ▄█▀▀▀▀ ▀▀█▀█▄█▀▄ ▄▄▄▀ █▄▄▄▄█ ▄▀▀▄▀█▄█▄▀   ██
███████▄█ ▄▀ ▄▀▀██▄▄ ▄▄▀ ▀  ▄▄▄ ▄█▄█▀  ▄██▀▀ █▄▄▀ ▄▄▄ ███▀█
█ ▄▄▄▄▄ █▄█▀▄█▀ ▄█ ▄██▄▄▄▀▄ █▄█ █▀▀▄  ▄██ █ ▀█ ▄█ █▄█   ▄██
█ █   █ █ ▄▀ ██ ▄▀▄▄▄█▀█▀▄▄ ▄▄ ▄ ▀██▄  ██▀ ▀ █▀▄█▄ ▄▄  █▄▄█
█ █▄▄▄█ █ █▄▄▄█▄▄ ▄ ▄█▄▄▀█▀▄▀▀▀█▄▄▄▀▀▄▀▀█ ▀  ▀▀▄▄  ▄█▀▀▀███
█▄▄▄▄▄▄▄█▄█▄▄▄█▄█▄▄▄████▄███▄▄█▄▄▄▄▄▄▄▄▄▄█▄▄▄█▄▄█▄█▄▄█▄▄▄██


[36mScan to link (Settings → Linked Devices → Link a Device):[0m
▄▄▄▄▄▄▄▄▄▄▄▄▄▄▄▄▄▄▄▄▄▄▄▄▄▄▄▄▄▄▄▄▄▄▄▄▄▄▄▄▄▄▄▄▄▄▄▄▄▄▄▄▄▄▄▄▄▄▄
█ ▄▄▄▄▄ █▄▀███▄▄▀██▄ █ █▄  █▄█ ▄██▀█ ▀▄▀ ▀  ██ ▄ ██ ▄▄▄▄▄ █
█ █   █ █ █ █  ██▄▄ ██▄█▀▀ ███ ▄ ▄██▀▀▄▀██▄▀▀▄▀▄ ██ █   █ █
█ █▄▄▄█ █▄█▀  █▄▀▀▀  ▀▀  █▀ ▄▄▄ ▀▄ █ █  ██▀███▄▀▄██ █▄▄▄█ █
█▄▄▄▄▄▄▄█▄▀▄▀▄▀ █▄▀ ▀▄█ ▀▄█ █▄█ ▀ ▀ █ ▀▄█ ▀▄▀▄█ █ █▄▄▄▄▄▄▄█
█ ▄▄ ▀▀▄█▄▄▀ ▄█▀▄▄ █ █▄▄ ▀█  ▄   █ ▄▀█▀▄▀  ▀▀▀█▄▀ ▄██ ▄ █ █
████▄  ▄▄▀▄ ▄█ ▀█▄ ██ ▄▄ ▄ ██▄▀ ▀▄██ █▀██▀▄▀ █▄▀▄ ▄▀▀▄ ▄▄▄█
█▀██▀▀█▄▀ ▀█▀ ▄  ██▄▀ █▄██   ██▀ █▀█  ▄ ████ ▀▀█ █ ▀██▀▄ ██
█▄ █  █▄▄█▄█▄▄▄  ▄▄▄█▄██▄ ▀█▀███▀▀▄▄▄▀▀▄▀█ █    ▀ █▄▀▄▀▀▀▀█
█▄█▀ █▄▄▀▀▀  ▀  ▄ ▀██▄ ▀ █ ▄▄▄▄█▄▄▄▀█▀▄▄ █▀▄█ █ █▄ ▄ ███▄ █
█▄ ██▀▄▄██▄ ▀ ▀▀▄▀▀███ ▄▀▀▀▀▀ ▄█▀▄▀▄  ▀██▄ ▄ █▀ ▀▄▄ █▀▄▄▀▀█
██ ▀ ▄ ▄▄▀▄▀▀  ██ ▄▀██▄ ▀█▀▀█▄ ▀ █▀▄▄▀▄▄▄▄ ▀▀██▄▄ ▀█▄ ▀█ ▀█
█  ▄▀▄ ▄ ▀ ▄▄▀▀█▀▄▀▀ ▄ ▀  █▀ ▄█ ▀▄ ▄ ▀▄▀█▄██▀█████▀ ▄▄▀██▄█
██▀▄  ▄▄ ▀▀█▄█ █ ▄  █  ▀█▄█▀▄███▄▄   ▄▀▀▀▀ ▄ ███▄▄ ▀██ ▄  █
█▄▀██ ▄▄▄  ▄█▀▄███▄▄▀▀█▄▄ ▄ ▄▄▄ █ ▀ ▀▄▄▄▄█▄▄ ▀██  ▄▄▄ ▀▀▀▀█
██▄██ █▄█  ▀▄█▀▄  █▄ █▀▀▀▄█ █▄█  ▄▀  █▄▄▄█▄▄▄ █ ▄ █▄█ ▀██▄█
█▄▄▄  ▄▄    ▀▀▄▄ ▄█▄▀▀▀█▄▄▀ ▄  ▄▀█▀  ▀█▀▄█▄█ ██ ▄▄▄▄ ▄█▄ ▀█
█▀▀█ ▄█▄█ █   █  █▄█▀▄ ▄  ▄▀▄▄▀▀ ▀ ▄▄█▀█  █▀ ▀ ▄▀ ▄▀▄█▀█▄ █
█▄▀▄▄▄█▄▀█▄▄▄▀ ▀▀▄▀▀█ █▄▄▀ ██  █▀ ▀ ▀▀█▄▄██▄▀█   ▄█  ▄▀▄  █
██ ▀  ▄▄▄ █▄▄█▄▀██  ▀██▀ ▄█▀██▄▄ █▀█▄▄▄▀▀█▀█▄█▄███▄▀ ▄███▄█
███▀▀▀▀▄▄█ █▄██▄ ▄▀▀  ▄▄▄▀▄▄ ▄▀█ █ ▄▀██ ▀▀  ▀ ▄▀▄█▀▀█▄▀▀█▄█
██▄▄▄▀▀▄█ ▄█▄  ▄  ▀█ █ █▀█▀ ▀  ██▄▄▀█▀▄█ ▀▀▄ ▄▄  ▀▄▀█ ▄▀█ █
█ ▄  ▀▄▄ █ ▀█ ▀▄ ██▄ ██ ▀█▀█ ▀ ▄▀███▀█▀▄▄▀  ▀▀▀▄▄  █▀█▄▄▄██
█  █ ▀ ▄    ▀█▄▄ █▀▀█▄ █▀ ▄█▄▄  █▀▄▄▄█▀▄  ▄▀▀██▄▀▄█  ██▄▀▄█
█ ▀ ▀▀▄▄ ▄▄▀▄ ▄█ █  █▀▀▄▄▄▀█ ███ █▀▄▀▄▄▄█▄█▄ ▄ ▀▄  ▄▀  ▄▄▄█
███████▄█▀ ▀▄ ▀█ ▄  ▀▀▀█▄█  ▄▄▄ ▄▀ █  ▀▀▀█▄▄▄█ ▄▀ ▄▄▄ ▀▀█▀█
█ ▄▄▄▄▄ ██▄ ▄▄  ▀  █▄ █████ █▄█ ▄█ █ ██▄█ █ ██▀▄  █▄█  ▀███
█ █   █ █▀▀█  ▀▀▀██▀ ▄▄▀ ▀  ▄▄   ▄ ▀█▀▄▄▀▀▀▄▄ ▄ ▄ ▄▄▄▄▀ ▀██
█ █▄▄▄█ █  █ ▀▀    ▄▄▀ ▄█▀▀ ▀██▀▄▀ ▀█ ▀█  █▄▀██▄ ▄  ▀████▀█
█▄▄▄▄▄▄▄█▄▄▄▄▄▄█▄█▄█▄█▄▄▄▄▄██▄███▄██▄██▄█▄▄███████▄▄█▄▄████

(reconnecting, code 408)

[36mScan to link (Settings → Linked Devices → Link a Device):[0m
▄▄▄▄▄▄▄▄▄▄▄▄▄▄▄▄▄▄▄▄▄▄▄▄▄▄▄▄▄▄▄▄▄▄▄▄▄▄▄▄▄▄▄▄▄▄▄▄▄▄▄▄▄▄▄▄▄▄▄
█ ▄▄▄▄▄ █▄ ▄▄█▀▀▀▀▀▄▄▀ ▄▀▄ █▀ ▄  ▀ ▀ ▀▄▀▄██ ▀  ▄ ██ ▄▄▄▄▄ █
█ █   █ █  ▀▄ █▄▄█ ▀▄██▄ ▀ █ ██ ▀█▄▄▀▀ █ █▀▀ ▄▀▄ ██ █   █ █
█ █▄▄▄█ █▄█▄▄▀ █▀▀ ▀ ▀█▄ █▀ ▄▄▄ █▄▄▀ █▄▄▄▀███▄▄▀▄██ █▄▄▄█ █
█▄▄▄▄▄▄▄█▄█▄▀ █▄█▄▀▄▀▄█▄▀▄█ █▄█ ▀ ▀ █ ▀▄█▄█▄█ ▀ █ █▄▄▄▄▄▄▄█
█▄ ▄▄██▄█  ██ ██▄█▄█ █▀ ▄ █▄     █ ▄▀█ █  ▀ ██▄▄▀▀ ██▄▄ ▀ █
███  █▄▄█▄▄ ▄  ▀   ██ ▄▄██████▀▀█ █▀ ▀█▄▄▀ █▄▄█▄▄█ ▄▀█ ▄ ▄█
██▀▄▀▄▄▄▄▄██▄█▄ ▀▄█▄  █▄█▄█ ▀▀█▀█▀ ▄ ▄▀ ▀█▀█ ██▄█▄▄ █▀▀▄█ █
█▀▄▀ ▀▀▄▀█▀▄▄  ▄██▄█▄▄█▀▄  █▀███▀▀██▄▀  █ ▄ ██▄█▄  ▄▄▀█▀▀▀█
█ █▄▀▄ ▄█ ▀▄▀▄█ █ ▀█ █ █ ██▄▄▄ ▄  █▀█▀▄▄██ █▄▄▀  █ █▀▀█ ▄▄█
█ ▄ ▀▀▄▄█▄██▀▄▀▀▄▄▄ ▀▄█   ▀ █ ▀ ▄██ ▄▀█ ▀▀ ▀▀█ ▀█▄   ▀ ▄ ██
█ ▄█▀▄▄▄  ▄  █ ██  ███▄▄▀█ ▀▀ ▄▀███▄▄▀█▄▀   █▀█▄▄ ▀▄  ▄▄ ▀█
█▄▀▀█▄▀▄▀▀▀▄█▀█▄▀▄ █ ▄ ▄  █▀▀█▄▄ █ █▀▀▄▀ █  ▄ ▀▀ ███▀█ ██▄█
█ ██▀▀█▄▄▀█▀▀▄▄▀ █▄▄█ ▀█▄▄▀▀▀██▄▄▄  ▄▄▀▀███▄▄▀ █ █▀▀▄█ ▄ ▄█
█▄ ▀▀ ▄▄▄ ▀▀ ▄█ ▄█▄▄▀▀█▄▄ █ ▄▄▄ ▀ █ ▀█▀ ▄▀█ ▀▀▀ ▄ ▄▄▄ ▀▀▀▀█
█▀ █▀ █▄█ ▀███▀▄ ▀█▄▄█▀▀ ▄█ █▄█  ▄ ▀ █▄▄ █ ██  ▀█ █▄█ ███▀█
█ ▀  ▄▄▄  ▄▀▀█▄██▀█ ▄ ██▄█   ▄  ▄▄▀▀▀▀████▀▄ ▀▀ ▀ ▄▄  ▄█ ▀█
█▀▀ ▄▄ ▄ █▄▄ ▀██▄█▀█ ▄▄▄  ▄█▀█▀▀█▀ ▄▄▀ █▄  ▀▀▀▄█▀▀▀ ██▄▀▄▀█
███  ▀▀▄██ █▄▀▀█▀ ██▄▄█ ▀▀▄██▄ █ ▀█  ▄▀▄█▀▄▄██▄▄█▀▄  ▀ ▄▄ █
██▄ ▀██▄▀ ███▄▄ ██  ▀█▀█ ▄█ ██▄█▄█▀█▄  ▀█▀ █▄▀ ▄█▄█▀▀██████
██ █▀▀ ▄▄ ▀▀ ▀▀▀ ▄█▄    ▄▀█  ▄▄▀▀█ ▄▀█▄▀▀  ▄▄▀▀▄▀ ▀█ ▀ ▀█▄█
█▀▄█▀  ▄▀▀█ ▀█▀▀▀ █▀ █▄▀ ▄▀  ▀▀ █▄▄▀ ▀ ▄▄█▀▄▄ ▄  ██▄▀▀█▄▀ █
█▀█ ▄█▄▄▄▄█ ▀  ▄▄▄█▄▄ █ █▄▀█▄▀  ██▀█▀█  ██▄█ ▀▄▄█ ▄█▀▄ ▄▀▀█
█▀▀ █▀ ▄▀▀██▀▄ █ █▀▀▀█ █▄ ▄ ▄▄▀ ▀█▄█▄▀ ▄    ▀██▄███▄█▄   ▀█
█ ▀ ▀▀▄▄█▀█  ▄ ▀▄█▀█▄ ▀█████▀ ▀▀ █ ▄██ ▀█ ▄▀▀█    █ ▄█▀▄▀ █
███████▄█▀█▀██▀██▄▄ ▄  ▀██  ▄▄▄  ▀ █   ▀▀██▄ ▀▀▄█ ▄▄▄ ▀ ▄██
█ ▄▄▄▄▄ ███▀█ ▄█▀▄█ ▄▀▄▄ ▀█ █▄█  █ ▄▀██▄██▄ ▀ ██▄ █▄█   █▀█
█ █   █ █▀▀▄ █▄▄▀██▀ ▄▄█ ▀█ ▄▄  ▄▄ ▀▀███▄█ ▄▄▄▀▀█▄ ▄ ▄▄▀ ▄█
█ █▄▄▄█ █ ▀█▀▀ ▄  ▀ ▄▀▀██▀█▄█▀█▀▄▀  ▀    █▀█ ▀   ▄█ ▄█▀▄█▀█
█▄▄▄▄▄▄▄█▄▄▄███▄█▄▄██▄▄▄▄▄▄██████▄█████▄▄▄▄███▄██▄█▄███▄███


[36mScan to link (Settings → Linked Devices → Link a Device):[0m
▄▄▄▄▄▄▄▄▄▄▄▄▄▄▄▄▄▄▄▄▄▄▄▄▄▄▄▄▄▄▄▄▄▄▄▄▄▄▄▄▄▄▄▄▄▄▄▄▄▄▄▄▄▄▄▄▄▄▄
█ ▄▄▄▄▄ █▀█▀▄█ ██ ▀█▄ ▄  ▄  ▄█▄  ▄▄▄██  ▀█▄ █▀█▄ ██ ▄▄▄▄▄ █
█ █   █ █▄ ▀█▀ ▄█▄█▄ ██▄▄███ █ ██▄▄▄▀████▄▄▄█▄▀▄ ██ █   █ █
█ █▄▄▄█ █ ▀▄▄▀▀▀██▀ ▀█▀ ▀▄  ▄▄▄ ▀█ █▀██  ▀▄▄█  ▀▄██ █▄▄▄█ █
█▄▄▄▄▄▄▄█ █▄▀▄█ ▀ ▀▄▀ ▀ ▀▄█ █▄█ ▀▄█▄█ ▀ ▀ █▄█▄█▄█ █▄▄▄▄▄▄▄█
█ ▄█▄██▄▄▀███▄ █▄█▀ ██▀ ▀█▄▄  ▄▄██ ▄▄ ██  ▄█ █▄▄█▄█▄▄▄▀▄▄▀█
█▄▄▄▄ ▄▄▄█ █▀█▀█▄▄▀▄▄▄  ▄▄  █▀  ▄▄▀█▀  ▄ ██▄█ █▄█ ▀ █▀▀█▀ █
██▀▀▀▀▄▄██▄▄▄█▄█▄▀█▄ █ ▀█▄▄██ █▀█▄█▀ ▄ ▄▄ ██  ▄▀█▄▄█  █▄███
█▄█▀ ▀▄▄▄▄▀▄▀██▄██▀█▀▄  ▀███▀█▄ ▄▀▄█▀▄▄██ ▀█ █ ▀▀██▄▄ ██▄▀█
██ █  ▀▄▄▄█  █▄▄██▀ ▀▀ █ █▄    ▄▀▄ ▄▄ █▀ ▀ ▄▀▄▄█▀▄▀▀██▄▀█▄█
█  ▄▀▄▄▄█▀  ▀▄▀▄█▀▄ █▄ █▀█▀█ █ ▀▄  ██▀▄██▀ ▀▄▄███▄▄██▄ ▄▀▄█
█▀ █▀▀▄▄█ ▄ ▄████ █  █▄▄▄ █▀▀ ▀▄ ▀█▄▀  ▄ ▄██ ▀█▄▀███  ▀▀▄▀█
██ █▀▀ ▄ █ █ ▄█▄█ ▀▄▀ ▄ ▀▀▄██▀██  ▄▀  ███ ▀▀█▄██▀▄  ▀▀▀▄▄ █
█ █ ▄▄▀▄▀█▀▀▄ █▀█ ▄▄██▄ ▄▄▀▄▄ █▄▄▀██▄▄▀▄  █▄▄▄█ ██▀▄ ▄ ▄ ▀█
█▀█▀▀ ▄▄▄ ▄ █▀█ ▄█▀▀▄▀█▄▀█  ▄▄▄ ▄ █▄▄   ▄▀ █▄▀▀ ▀ ▄▄▄ ▄▄▄▀█
█ ▀ ▄ █▄█ ▀▀▄▄▀▄▄█▄██▀██▀█▄ █▄█ ▀ ▄▄▀▄▄ ▄▀▄▄▄▄ █▄ █▄█ ▄█▄██
█▀▀ ▀▄ ▄▄▄▀▄▀█▄  ▄█ ▄███▄█ ▄▄   ▄▀█▄██▄▄▄▄▄█ ▄▄▀▄   ▄▄█▄ ▄█
██ ▀▀▄█▄▀█▄▄█▄ █▄▄█▄ ▄█ ▄▄▀█ █▄▄ ▀ ▄▀▄██ ▄██▄▀█▄ ▀▄  █ █▀▀█
█▄██▀█ ▄█▀▄▀█  ▀▀█▄▄█▀▀▄█▄█▀ ▄▀▄██▀▄█▄▀ █ ▄█▀▀▀ █ █▄█ ▀█▀ █
█▄██▄ █▄▀█  █▀▄█    ▀ ▄  ▄██  ▀   ▄ ▄▄ ▄█▄ █ ▄█▀█▄█▄▄ ██▄ █
█ ██▀▀█▄▀ ▀▀▄▀▀█ ▄ ▀█   ▀▄   ▄▀▄▄█ ▄▄▀▀▀  █▀▀▀▀▄▄█▄█ ▀█▄ ▄█
█ █▀█▄█▄ █▄ ▀█  █▄▄ ▀▀ █▀█ ▄▄█ ▀▄  █▀ ▀  ▀ ██▄ ▄▀▄▄▄██ █ ▄█
█▀██▀ ▀▄▄▀ ██ ▀█▀▀█▄▄█ ██▄█ ▀▄  █  ▄▀█▄█   ▀ ▄█▀██▄ ▄▀▄▄▀▄█
█▄▄▄▀▀▄▄██▄ ▄▀▄▀ █▄▄▄█ █▀█  ▄▄▄█▄█▀▄▀▄▄▄  █▄▄███ █ ███ ▀█▀█
█ ▀ ▀▀▄▄▄▄▀▄▀█▀█ ▀█▄█▄▀▄▄▄█▀█▄  ▀▀▄    ▄▀▄▄  █▀ ▄ █  █ █ ▄█
███████▄▄▀ ▄██▀ ▄   ▀█▄▄▄█  ▄▄▄  ▄█ ▀ ▀▄   ▄▄▄█ ▀ ▄▄▄   ▄▄█
█ ▄▄▄▄▄ █▄█▀ █▀██  █▄█▄▄▄   █▄█ ▀▀ ▄██▀▄█▀▀█▀█▄█▄ █▄█ ██▄██
█ █   █ █▀█ ▀▄█ █▀▄ ▀  ▀▀ ▄▄▄   ▀ ▄█ ▄▄▀ █▀██ ██▄▄   ▄█   █
█ █▄▄▄█ █▀▄▀ ▄ ███▀ ▄▄▄ █▀█▀ ▄█▀████▀▀ █▄ ▀█ ▄██ ▄██▄▄▀▄█▄█
█▄▄▄▄▄▄▄█▄▄██████▄█▄▄▄▄▄█████▄▄▄▄▄██▄▄▄▄▄▄█▄▄█▄█▄█▄▄▄█▄█▄██

(reconnecting, code 515)
[32m✅ Connected as 919522584955:24@s.whatsapp.net. Fetching groups…[0m
In 375 groups · 49 Labstack in scope. Waiting for history sync…
history batch: +5000 msgs (written 2775, progress 5%, latest=false)
history batch: +5000 msgs (written 7219, progress 11%, latest=false)
history batch: +5000 msgs (written 7759, progress 17%, latest=false)
history batch: +5000 msgs (written 12425, progress 22%, latest=false)
(hard cap reached)

[36m── HISTORY SCRAPE COMPLETE ──[0m
Labstack groups with messages: 7
Messages written: 12427   (personal msgs skipped: 5022)
sawLatest=false

Top groups by volume:
    4663  Labstack<>Plum Ops
    2820  Labstack <> Orange Ops
    2776  Labstack<> Sugarfit Ops
    1069  Labstack <> Pharmeasy - Home administrations
     555  QUA x Labstack Operations Group
     541  Labstack<>Good Health
       3  LabStack <> Star

wrote → /Users/maverick/Documents/TaskOs/whatsapp-bot/out/history.jsonl
next: node scripts/analyze-history.mjs   then  python3 scripts/build_xlsx.py
